Archive member included to satisfy reference by file (symbol)

/opt/st/stm32cubeide_1.17.0/plugins/com.st.stm32cube.ide.mcu.externaltools.gnu-tools-for-stm32.12.3.rel1.linux64_1.1.0.202410170702/tools/bin/../lib/gcc/arm-none-eabi/12.3.1/../../../../arm-none-eabi/lib/thumb/v7e-m+dp/hard/libc_nano.a(libc_a-exit.o)
                              /opt/st/stm32cubeide_1.17.0/plugins/com.st.stm32cube.ide.mcu.externaltools.gnu-tools-for-stm32.12.3.rel1.linux64_1.1.0.202410170702/tools/bin/../lib/gcc/arm-none-eabi/12.3.1/../../../../arm-none-eabi/lib/thumb/v7e-m+dp/hard/crt0.o (exit)
/opt/st/stm32cubeide_1.17.0/plugins/com.st.stm32cube.ide.mcu.externaltools.gnu-tools-for-stm32.12.3.rel1.linux64_1.1.0.202410170702/tools/bin/../lib/gcc/arm-none-eabi/12.3.1/../../../../arm-none-eabi/lib/thumb/v7e-m+dp/hard/libc_nano.a(libc_a-malloc.o)
                              ./Core/Src/lsm6dsl_accel_gyro.o (malloc)
/opt/st/stm32cubeide_1.17.0/plugins/com.st.stm32cube.ide.mcu.externaltools.gnu-tools-for-stm32.12.3.rel1.linux64_1.1.0.202410170702/tools/bin/../lib/gcc/arm-none-eabi/12.3.1/../../../../arm-none-eabi/lib/thumb/v7e-m+dp/hard/libc_nano.a(libc_a-mallocr.o)
                              /opt/st/stm32cubeide_1.17.0/plugins/com.st.stm32cube.ide.mcu.externaltools.gnu-tools-for-stm32.12.3.rel1.linux64_1.1.0.202410170702/tools/bin/../lib/gcc/arm-none-eabi/12.3.1/../../../../arm-none-eabi/lib/thumb/v7e-m+dp/hard/libc_nano.a(libc_a-malloc.o) (_malloc_r)
/opt/st/stm32cubeide_1.17.0/plugins/com.st.stm32cube.ide.mcu.externaltools.gnu-tools-for-stm32.12.3.rel1.linux64_1.1.0.202410170702/tools/bin/../lib/gcc/arm-none-eabi/12.3.1/../../../../arm-none-eabi/lib/thumb/v7e-m+dp/hard/libc_nano.a(libc_a-mlock.o)
                              /opt/st/stm32cubeide_1.17.0/plugins/com.st.stm32cube.ide.mcu.externaltools.gnu-tools-for-stm32.12.3.rel1.linux64_1.1.0.202410170702/tools/bin/../lib/gcc/arm-none-eabi/12.3.1/../../../../arm-none-eabi/lib/thumb/v7e-m+dp/hard/libc_nano.a(libc_a-mallocr.o) (__malloc_lock)
/opt/st/stm32cubeide_1.17.0/plugins/com.st.stm32cube.ide.mcu.externaltools.gnu-tools-for-stm32.12.3.rel1.linux64_1.1.0.202410170702/tools/bin/../lib/gcc/arm-none-eabi/12.3.1/../../../../arm-none-eabi/lib/thumb/v7e-m+dp/hard/libc_nano.a(libc_a-nano-vfprintf_float.o)
                              (_printf_float)
/opt/st/stm32cubeide_1.17.0/plugins/com.st.stm32cube.ide.mcu.externaltools.gnu-tools-for-stm32.12.3.rel1.linux64_1.1.0.202410170702/tools/bin/../lib/gcc/arm-none-eabi/12.3.1/../../../../arm-none-eabi/lib/thumb/v7e-m+dp/hard/libc_nano.a(libc_a-nano-vfprintf_i.o)
                              /opt/st/stm32cubeide_1.17.0/plugins/com.st.stm32cube.ide.mcu.externaltools.gnu-tools-for-stm32.12.3.rel1.linux64_1.1.0.202410170702/tools/bin/../lib/gcc/arm-none-eabi/12.3.1/../../../../arm-none-eabi/lib/thumb/v7e-m+dp/hard/libc_nano.a(libc_a-nano-vfprintf_float.o) (_printf_common)
/opt/st/stm32cubeide_1.17.0/plugins/com.st.stm32cube.ide.mcu.externaltools.gnu-tools-for-stm32.12.3.rel1.linux64_1.1.0.202410170702/tools/bin/../lib/gcc/arm-none-eabi/12.3.1/../../../../arm-none-eabi/lib/thumb/v7e-m+dp/hard/libc_nano.a(libc_a-findfp.o)
                              /opt/st/stm32cubeide_1.17.0/plugins/com.st.stm32cube.ide.mcu.externaltools.gnu-tools-for-stm32.12.3.rel1.linux64_1.1.0.202410170702/tools/bin/../lib/gcc/arm-none-eabi/12.3.1/../../../../arm-none-eabi/lib/thumb/v7e-m+dp/hard/libc_nano.a(libc_a-exit.o) (__stdio_exit_handler)
/opt/st/stm32cubeide_1.17.0/plugins/com.st.stm32cube.ide.mcu.externaltools.gnu-tools-for-stm32.12.3.rel1.linux64_1.1.0.202410170702/tools/bin/../lib/gcc/arm-none-eabi/12.3.1/../../../../arm-none-eabi/lib/thumb/v7e-m+dp/hard/libc_nano.a(libc_a-fwalk.o)
                              /opt/st/stm32cubeide_1.17.0/plugins/com.st.stm32cube.ide.mcu.externaltools.gnu-tools-for-stm32.12.3.rel1.linux64_1.1.0.202410170702/tools/bin/../lib/gcc/arm-none-eabi/12.3.1/../../../../arm-none-eabi/lib/thumb/v7e-m+dp/hard/libc_nano.a(libc_a-findfp.o) (_fwalk_sglue)
/opt/st/stm32cubeide_1.17.0/plugins/com.st.stm32cube.ide.mcu.externaltools.gnu-tools-for-stm32.12.3.rel1.linux64_1.1.0.202410170702/tools/bin/../lib/gcc/arm-none-eabi/12.3.1/../../../../arm-none-eabi/lib/thumb/v7e-m+dp/hard/libc_nano.a(libc_a-printf.o)
                              ./Core/Src/lsm6dsl_accel_gyro.o (printf)
/opt/st/stm32cubeide_1.17.0/plugins/com.st.stm32cube.ide.mcu.externaltools.gnu-tools-for-stm32.12.3.rel1.linux64_1.1.0.202410170702/tools/bin/../lib/gcc/arm-none-eabi/12.3.1/../../../../arm-none-eabi/lib/thumb/v7e-m+dp/hard/libc_nano.a(libc_a-puts.o)
                              ./Core/Src/main.o (puts)
/opt/st/stm32cubeide_1.17.0/plugins/com.st.stm32cube.ide.mcu.externaltools.gnu-tools-for-stm32.12.3.rel1.linux64_1.1.0.202410170702/tools/bin/../lib/gcc/arm-none-eabi/12.3.1/../../../../arm-none-eabi/lib/thumb/v7e-m+dp/hard/libc_nano.a(libc_a-stdio.o)
[...]
Memory Configuration

Name             Origin             Length             Attributes
FLASH            0x08000000         0x00200000         xr
DTCMRAM          0x20000000         0x00020000         xrw
RAM_D1           0x24000000         0x00080000         xrw
RAM_D2           0x30000000         0x00048000         xrw
RAM_D3           0x38000000         0x00010000         xrw
ITCMRAM          0x00000000         0x00010000         xrw
*default*        0x00000000         0xffffffff

Linker script and memory map

LOAD /opt/st/stm32cubeide_1.17.0/plugins/com.st.stm32cube.ide.mcu.externaltools.gnu-tools-for-stm32.12.3.rel1.linux64_1.1.0.202410170702/tools/bin/../lib/gcc/arm-none-eabi/12.3.1/thumb/v7e-m+dp/hard/crti.o
LOAD /opt/st/stm32cubeide_1.17.0/plugins/com.st.stm32cube.ide.mcu.externaltools.gnu-tools-for-stm32.12.3.rel1.linux64_1.1.0.202410170702/tools/bin/../lib/gcc/arm-none-eabi/12.3.1/thumb/v7e-m+dp/hard/crtbegin.o
LOAD /opt/st/stm32cubeide_1.17.0/plugins/com.st.stm32cube.ide.mcu.externaltools.gnu-tools-for-stm32.12.3.rel1.linux64_1.1.0.202410170702/tools/bin/../lib/gcc/arm-none-eabi/12.3.1/../../../../arm-none-eabi/lib/thumb/v7e-m+dp/hard/crt0.o
LOAD ./Core/Src/apds9250_light.o
LOAD ./Core/Src/logger.o
LOAD ./Core/Src/lsm6dsl_accel_gyro.o
LOAD ./Core/Src/main.o
LOAD ./Core/Src/max1704x_fuel_gauge.o
LOAD ./Core/Src/ms8607_pth.o
LOAD ./Core/Src/stm32h7xx_hal_msp.o
LOAD ./Core/Src/stm32h7xx_it.o
LOAD ./Core/Src/syscalls.o
LOAD ./Core/Src/sysmem.o
LOAD ./Core/Src/system_stm32h7xx.o
LOAD ./Core/Startup/startup_stm32h743xihx.o
LOAD ./Drivers/STM32H7xx_HAL_Driver/Src/stm32h7xx_hal.o
LOAD ./Drivers/STM32H7xx_HAL_Driver/Src/stm32h7xx_hal_cortex.o
LOAD ./Drivers/STM32H7xx_HAL_Driver/Src/stm32h7xx_hal_dma.o
LOAD ./Drivers/STM32H7xx_HAL_Driver/Src/stm32h7xx_hal_dma_ex.o
LOAD ./Drivers/STM32H7xx_HAL_Driver/Src/stm32h7xx_hal_exti.o
LOAD ./Drivers/STM32H7xx_HAL_Driver/Src/stm32h7xx_hal_flash.o
LOAD ./Drivers/STM32H7xx_HAL_Driver/Src/stm32h7xx_hal_flash_ex.o
LOAD ./Drivers/STM32H7xx_HAL_Driver/Src/stm32h7xx_hal_gpio.o
LOAD ./Drivers/STM32H7xx_HAL_Driver/Src/stm32h7xx_hal_hsem.o
LOAD ./Drivers/STM32H7xx_HAL_Driver/Src/stm32h7xx_hal_i2c.o
LOAD ./Drivers/STM32H7xx_HAL_Driver/Src/stm32h7xx_hal_i2c_ex.o
LOAD ./Drivers/STM32H7xx_HAL_Driver/Src/stm32h7xx_hal_mdma.o
LOAD ./Drivers/STM32H7xx_HAL_Driver/Src/stm32h7xx_hal_pwr.o
LOAD ./Drivers/STM32H7xx_HAL_Driver/Src/stm32h7xx_hal_pwr_ex.o
LOAD ./Drivers/STM32H7xx_HAL_Driver/Src/stm32h7xx_hal_rcc.o
LOAD ./Drivers/STM32H7xx_HAL_Driver/Src/stm32h7xx_hal_rcc_ex.o
LOAD ./Drivers/STM32H7xx_HAL_Driver/Src/stm32h7xx_hal_spi.o
LOAD ./Drivers/STM32H7xx_HAL_Driver/Src/stm32h7xx_hal_spi_ex.o
LOAD ./Drivers/STM32H7xx_HAL_Driver/Src/stm32h7xx_hal_uart.o
LOAD ./Drivers/STM32H7xx_HAL_Driver/Src/stm32h7xx_hal_uart_ex.o
START GROUP
LOAD /opt/st/stm32cubeide_1.17.0/plugins/com.st.stm32cube.ide.mcu.externaltools.gnu-tools-for-stm32.12.3.rel1.linux64_1.1.0.202410170702/tools/bin/../lib/gcc/arm-none-eabi/12.3.1/../../../../arm-none-eabi/lib/thumb/v7e-m+dp/hard/libc_nano.a
LOAD /opt/st/stm32cubeide_1.17.0/plugins/com.st.stm32cube.ide.mcu.externaltools.gnu-tools-for-stm32.12.3.rel1.linux64_1.1.0.202410170702/tools/bin/../lib/gcc/arm-none-eabi/12.3.1/../../../../arm-none-eabi/lib/thumb/v7e-m+dp/hard/libm.a
END GROUP
START GROUP
LOAD /opt/st/stm32cubeide_1.17.0/plugins/com.st.stm32cube.ide.mcu.externaltools.gnu-tools-for-stm32.12.3.rel1.linux64_1.1.0.202410170702/tools/bin/../lib/gcc/arm-none-eabi/12.3.1/thumb/v7e-m+dp/hard/libgcc.a
LOAD /opt/st/stm32cubeide_1.17.0/plugins/com.st.stm32cube.ide.mcu.externaltools.gnu-tools-for-stm32.12.3.rel1.linux64_1.1.0.202410170702/tools/bin/../lib/gcc/arm-none-eabi/12.3.1/../../../../arm-none-eabi/lib/thumb/v7e-m+dp/hard/libc_nano.a
END GROUP
START GROUP
LOAD /opt/st/stm32cubeide_1.17.0/plugins/com.st.stm32cube.ide.mcu.externaltools.gnu-tools-for-stm32.12.3.rel1.linux64_1.1.0.202410170702/tools/bin/../lib/gcc/arm-none-eabi/12.3.1/thumb/v7e-m+dp/hard/libgcc.a
LOAD /opt/st/stm32cubeide_1.17.0/plugins/com.st.stm32cube.ide.mcu.externaltools.gnu-tools-for-stm32.12.3.rel1.linux64_1.1.0.202410170702/tools/bin/../lib/gcc/arm-none-eabi/12.3.1/../../../../arm-none-eabi/lib/thumb/v7e-m+dp/hard/libc_nano.a
LOAD /opt/st/stm32cubeide_1.17.0/plugins/com.st.stm32cube.ide.mcu.externaltools.gnu-tools-for-stm32.12.3.rel1.linux64_1.1.0.202410170702/tools/bin/../lib/gcc/arm-none-eabi/12.3.1/../../../../arm-none-eabi/lib/thumb/v7e-m+dp/hard/libnosys.a
END GROUP
START GROUP
LOAD /opt/st/stm32cubeide_1.17.0/plugins/com.st.stm32cube.ide.mcu.externaltools.gnu-tools-for-stm32.12.3.rel1.linux64_1.1.0.202410170702/tools/bin/../lib/gcc/arm-none-eabi/12.3.1/thumb/v7e-m+dp/hard/libgcc.a
LOAD /opt/st/stm32cubeide_1.17.0/plugins/com.st.stm32cube.ide.mcu.externaltools.gnu-tools-for-stm32.12.3.rel1.linux64_1.1.0.202410170702/tools/bin/../lib/gcc/arm-none-eabi/12.3.1/../../../../arm-none-eabi/lib/thumb/v7e-m+dp/hard/libc_nano.a
LOAD /opt/st/stm32cubeide_1.17.0/plugins/com.st.stm32cube.ide.mcu.externaltools.gnu-tools-for-stm32.12.3.rel1.linux64_1.1.0.202410170702/tools/bin/../lib/gcc/arm-none-eabi/12.3.1/../../../../arm-none-eabi/lib/thumb/v7e-m+dp/hard/libnosys.a
END GROUP
LOAD /opt/st/stm32cubeide_1.17.0/plugins/com.st.stm32cube.ide.mcu.externaltools.gnu-tools-for-stm32.12.3.rel1.linux64_1.1.0.202410170702/tools/bin/../lib/gcc/arm-none-eabi/12.3.1/thumb/v7e-m+dp/hard/crtend.o
LOAD /opt/st/stm32cubeide_1.17.0/plugins/com.st.stm32cube.ide.mcu.externaltools.gnu-tools-for-stm32.12.3.rel1.linux64_1.1.0.202410170702/tools/bin/../lib/gcc/arm-none-eabi/12.3.1/thumb/v7e-m+dp/hard/crtn.o
                0x24080000                        _estack = (ORIGIN (RAM_D1) + LENGTH (RAM_D1))
                0x00000200                        _Min_Heap_Size = 0x200
                0x00000400                        _Min_Stack_Size = 0x400

.isr_vector     0x08000000      0x298
                0x08000000                        . = ALIGN (0x4)
 *(.isr_vector)
 .isr_vector    0x08000000      0x298 ./Core/Startup/startup_stm32h743xihx.o
                0x08000000                g_pfnVectors
                0x08000298                        . = ALIGN (0x4)

.text           0x080002a0     0xaa08
                0x080002a0                        . = ALIGN (0x4)
 *(.text)
 .text          0x080002a0       0x40 /opt/st/stm32cubeide_1.17.0/plugins/com.st.stm32cube.ide.mcu.externaltools.gnu-tools-for-stm32.12.3.rel1.linux64_1.1.0.202410170702/tools/bin/../lib/gcc/arm-none-eabi/12.3.1/thumb/v7e-m+dp/hard/crtbegin.o
 .text          0x080002e0       0xa0 /opt/st/stm32cubeide_1.17.0/plugins/com.st.stm32cube.ide.mcu.externaltools.gnu-tools-for-stm32.12.3.rel1.linux64_1.1.0.202410170702/tools/bin/../lib/gcc/arm-none-eabi/12.3.1/../../../../arm-none-eabi/lib/thumb/v7e-m+dp/hard/libc_nano.a(libc_a-memchr.o)
                0x080002e0                memchr
 .text          0x08000380       0x10 /opt/st/stm32cubeide_1.17.0/plugins/com.st.stm32cube.ide.mcu.externaltools.gnu-tools-for-stm32.12.3.rel1.linux64_1.1.0.202410170702/tools/bin/../lib/gcc/arm-none-eabi/12.3.1/../../../../arm-none-eabi/lib/thumb/v7e-m+dp/hard/libc_nano.a(libc_a-strlen.o)
                0x08000380                strlen
 .text          0x08000390       0x30 /opt/st/stm32cubeide_1.17.0/plugins/com.st.stm32cube.ide.mcu.externaltools.gnu-tools-for-stm32.12.3.rel1.linux64_1.1.0.202410170702/tools/bin/../lib/gcc/arm-none-eabi/12.3.1/thumb/v7e-m+dp/hard/libgcc.a(_aeabi_uldivmod.o)
                0x08000390                __aeabi_uldivmod
 .text          0x080003c0      0x2bc /opt/st/stm32cubeide_1.17.0/plugins/com.st.stm32cube.ide.mcu.externaltools.gnu-tools-for-stm32.12.3.rel1.linux64_1.1.0.202410170702/tools/bin/../lib/gcc/arm-none-eabi/12.3.1/thumb/v7e-m+dp/hard/libgcc.a(_udivmoddi4.o)
                0x080003c0                __udivmoddi4
 .text          0x0800067c        0x4 /opt/st/stm32cubeide_1.17.0/plugins/com.st.stm32cube.ide.mcu.externaltools.gnu-tools-for-stm32.12.3.rel1.linux64_1.1.0.202410170702/tools/bin/../lib/gcc/arm-none-eabi/12.3.1/thumb/v7e-m+dp/hard/libgcc.a(_dvmd_tls.o)
                0x0800067c                __aeabi_ldiv0
                0x0800067c                __aeabi_idiv0
 *(.text*)
 .text.apds9250_init
                0x08000680       0xfc ./Core/Src/apds9250_light.o
                0x08000680                apds9250_init
 .text.apds9250_set_main_ctrl
                0x0800077c       0x54 ./Core/Src/apds9250_light.o
                0x0800077c                apds9250_set_main_ctrl
 .text.apds9250_set_meas_rate
                0x080007d0       0x44 ./Core/Src/apds9250_light.o
                0x080007d0                apds9250_set_meas_rate
 .text.apds9250_set_gain
                0x08000814       0x30 ./Core/Src/apds9250_light.o
                0x08000814                apds9250_set_gain
 .text.apds9250_get_part_id
                0x08000844       0x54 ./Core/Src/apds9250_light.o
                0x08000844                apds9250_get_part_id
 .text.apds9250_get_main_status
                0x08000898       0x2c ./Core/Src/apds9250_light.o
                0x08000898                apds9250_get_main_status
 .text.apds9250_get_rgb
                0x080008c4       0xb4 ./Core/Src/apds9250_light.o
                0x080008c4                apds9250_get_rgb
 .text.apds9250_set_int_sel
                0x08000978       0x64 ./Core/Src/apds9250_light.o
                0x08000978                apds9250_set_int_sel
 .text.apds9250_set_var_mode
                0x080009dc       0x64 ./Core/Src/apds9250_light.o
                0x080009dc                apds9250_set_var_mode
 .text.apds9250_set_int_en
                0x08000a40       0x64 ./Core/Src/apds9250_light.o
                0x08000a40                apds9250_set_int_en
 .text.apds9250_set_ls_thres_up
                0x08000aa4       0x48 ./Core/Src/apds9250_light.o
                0x08000aa4                apds9250_set_ls_thres_up
 .text.apds9250_set_ls_thres_low
                0x08000aec       0x48 ./Core/Src/apds9250_light.o
                0x08000aec                apds9250_set_ls_thres_low
 .text.apds9250_set_ls_thres_var
                0x08000b34       0x38 ./Core/Src/apds9250_light.o
                0x08000b34                apds9250_set_ls_thres_var
 .text.osDelay  0x08000b6c       0x16 ./Core/Src/main.o
                0x08000b6c                osDelay
 *fill*         0x08000b82        0x2 
 .text.__io_putchar
                0x08000b84       0x24 ./Core/Src/main.o
                0x08000b84                __io_putchar
 .text.main     0x08000ba8      0x10c ./Core/Src/main.o
                0x08000ba8                main
 .text.SystemClock_Config
                0x08000cb4       0xd8 ./Core/Src/main.o
                0x08000cb4                SystemClock_Config
 .text.MX_I2C3_Init
                0x08000d8c       0x80 ./Core/Src/main.o
 .text.MX_SPI5_Init
                0x08000e0c       0xac ./Core/Src/main.o
 .text.MX_UART8_Init
                0x08000eb8       0x98 ./Core/Src/main.o
 .text.MX_GPIO_Init
                0x08000f50       0x90 ./Core/Src/main.o
 .text.MPU_Config
                0x08000fe0       0x58 ./Core/Src/main.o
 .text.Error_Handler
                0x08001038        0xc ./Core/Src/main.o
                0x08001038                Error_Handler
 .text.max1704x_init
                0x08001044       0xe0 ./Core/Src/max1704x_fuel_gauge.o
                0x08001044                max1704x_init
 .text.max1704x_get_id
                0x08001124       0x30 ./Core/Src/max1704x_fuel_gauge.o
                0x08001124                max1704x_get_id
 *fill*         0x08001154        0x4 
 .text.max1704x_get_vcell
                0x08001158       0x94 ./Core/Src/max1704x_fuel_gauge.o
                0x08001158                max1704x_get_vcell
 *fill*         0x080011ec        0x4 
 .text.max1704x_get_soc
                0x080011f0       0x84 ./Core/Src/max1704x_fuel_gauge.o
                0x080011f0                max1704x_get_soc
 *fill*         0x08001274        0x4 
 .text.max1704x_get_crate
                0x08001278       0x84 ./Core/Src/max1704x_fuel_gauge.o
                0x08001278                max1704x_get_crate
 .text.max1704x_get_config
                0x080012fc       0x5c ./Core/Src/max1704x_fuel_gauge.o
                0x080012fc                max1704x_get_config
 .text.max1704x_set_config_alsc
                0x08001358       0x68 ./Core/Src/max1704x_fuel_gauge.o
                0x08001358                max1704x_set_config_alsc
 .text.max1704x_set_config_athd
                0x080013c0       0x6c ./Core/Src/max1704x_fuel_gauge.o
                0x080013c0                max1704x_set_config_athd
 .text.max1704x_clear_config_alrt
                0x0800142c       0x54 ./Core/Src/max1704x_fuel_gauge.o
                0x0800142c                max1704x_clear_config_alrt
 .text.max1704x_get_vlrt
                0x08001480       0x5c ./Core/Src/max1704x_fuel_gauge.o
                0x08001480                max1704x_get_vlrt
 .text.max1704x_set_valrt_max
                0x080014dc       0x64 ./Core/Src/max1704x_fuel_gauge.o
                0x080014dc                max1704x_set_valrt_max
 .text.max1704x_set_valrt_min
                0x08001540       0x68 ./Core/Src/max1704x_fuel_gauge.o
                0x08001540                max1704x_set_valrt_min
 .text.max1704x_get_status
                0x080015a8       0x5c ./Core/Src/max1704x_fuel_gauge.o
                0x080015a8                max1704x_get_status
 .text.max1704x_clear_status_alerts
                0x08001604       0x68 ./Core/Src/max1704x_fuel_gauge.o
                0x08001604                max1704x_clear_status_alerts
 .text.max1704x_set_status_envr
                0x0800166c       0x68 ./Core/Src/max1704x_fuel_gauge.o
                0x0800166c                max1704x_set_status_envr
 .text.ms8607_init
                0x080016d4       0xa8 ./Core/Src/ms8607_pth.o
                0x080016d4                ms8607_init
 .text.ms8607_reset_pt
                0x0800177c       0x28 ./Core/Src/ms8607_pth.o
                0x0800177c                ms8607_reset_pt
 .text.ms8607_prom_read_one_addr_pt
                0x080017a4       0x44 ./Core/Src/ms8607_pth.o
                0x080017a4                ms8607_prom_read_one_addr_pt
 .text.ms8607_prom_read_all_addr_pt
                0x080017e8       0x90 ./Core/Src/ms8607_pth.o
                0x080017e8                ms8607_prom_read_all_addr_pt
 .text.ms8607_read_adc_pt
                0x08001878       0x64 ./Core/Src/ms8607_pth.o
                0x08001878                ms8607_read_adc_pt
 .text.ms8607_get_pt
                0x080018dc      0x6b4 ./Core/Src/ms8607_pth.o
                0x080018dc                ms8607_get_pt
 .text.ms8607_write_usr_reg_rh
                0x08001f90       0x64 ./Core/Src/ms8607_pth.o
                0x08001f90                ms8607_write_usr_reg_rh
 .text.ms8607_read_usr_reg_rh
                0x08001ff4       0x2c ./Core/Src/ms8607_pth.o
                0x08001ff4                ms8607_read_usr_reg_rh
 .text.ms8607_read_adc_rh
                0x08002020       0x74 ./Core/Src/ms8607_pth.o
                0x08002020                ms8607_read_adc_rh
 *fill*         0x08002094        0x4 
 .text.ms8607_get_rh
                0x08002098       0xb8 ./Core/Src/ms8607_pth.o
                0x08002098                ms8607_get_rh
 .text.ms8607_crc4_pt
                0x08002150       0xca ./Core/Src/ms8607_pth.o
                0x08002150                ms8607_crc4_pt
 *fill*         0x0800221a        0x2 
 .text.ms8607_checksum_rh
                0x0800221c       0x70 ./Core/Src/ms8607_pth.o
                0x0800221c                ms8607_checksum_rh
 .text.HAL_MspInit
                0x0800228c       0x34 ./Core/Src/stm32h7xx_hal_msp.o
                0x0800228c                HAL_MspInit
 .text.HAL_I2C_MspInit
                0x080022c0       0xd4 ./Core/Src/stm32h7xx_hal_msp.o
                0x080022c0                HAL_I2C_MspInit
 .text.HAL_SPI_MspInit
                0x08002394      0x11c ./Core/Src/stm32h7xx_hal_msp.o
                0x08002394                HAL_SPI_MspInit
 .text.HAL_UART_MspInit
                0x080024b0       0xd4 ./Core/Src/stm32h7xx_hal_msp.o
                0x080024b0                HAL_UART_MspInit
 .text.NMI_Handler
                0x08002584        0x8 ./Core/Src/stm32h7xx_it.o
                0x08002584                NMI_Handler
 .text.HardFault_Handler
                0x0800258c        0x8 ./Core/Src/stm32h7xx_it.o
                0x0800258c                HardFault_Handler
 .text.MemManage_Handler
                0x08002594        0x8 ./Core/Src/stm32h7xx_it.o
                0x08002594                MemManage_Handler
 .text.BusFault_Handler
                0x0800259c        0x8 ./Core/Src/stm32h7xx_it.o
                0x0800259c                BusFault_Handler
 .text.UsageFault_Handler
                0x080025a4        0x8 ./Core/Src/stm32h7xx_it.o
                0x080025a4                UsageFault_Handler
 .text.SVC_Handler
                0x080025ac        0xe ./Core/Src/stm32h7xx_it.o
                0x080025ac                SVC_Handler
 .text.DebugMon_Handler
                0x080025ba        0xe ./Core/Src/stm32h7xx_it.o
                0x080025ba                DebugMon_Handler
 .text.PendSV_Handler
                0x080025c8        0xe ./Core/Src/stm32h7xx_it.o
                0x080025c8                PendSV_Handler
 .text.SysTick_Handler
                0x080025d6        0xc ./Core/Src/stm32h7xx_it.o
                0x080025d6                SysTick_Handler
 .text._getpid  0x080025e2       0x10 ./Core/Src/syscalls.o
                0x080025e2                _getpid
 .text._kill    0x080025f2       0x20 ./Core/Src/syscalls.o
                0x080025f2                _kill
 .text._exit    0x08002612       0x16 ./Core/Src/syscalls.o
                0x08002612                _exit
 .text._read    0x08002628       0x3a ./Core/Src/syscalls.o
                0x08002628                _read
 .text._write   0x08002662       0x38 ./Core/Src/syscalls.o
                0x08002662                _write
 .text._close   0x0800269a       0x18 ./Core/Src/syscalls.o
                0x0800269a                _close
 .text._fstat   0x080026b2       0x20 ./Core/Src/syscalls.o
                0x080026b2                _fstat
 .text._isatty  0x080026d2       0x16 ./Core/Src/syscalls.o
                0x080026d2                _isatty
 .text._lseek   0x080026e8       0x1a ./Core/Src/syscalls.o
                0x080026e8                _lseek
 *fill*         0x08002702        0x2 
 .text._sbrk    0x08002704       0x6c ./Core/Src/sysmem.o
                0x08002704                _sbrk
 .text.SystemInit
                0x08002770      0x140 ./Core/Src/system_stm32h7xx.o
                0x08002770                SystemInit
 .text.ExitRun0Mode
                0x080028b0       0x30 ./Core/Src/system_stm32h7xx.o
                0x080028b0                ExitRun0Mode
 .text.Reset_Handler
                0x080028e0       0x54 ./Core/Startup/startup_stm32h743xihx.o
                0x080028e0                Reset_Handler
 .text.Default_Handler
                0x08002934        0x2 ./Core/Startup/startup_stm32h743xihx.o
                0x08002934                RTC_Alarm_IRQHandler
                0x08002934                EXTI2_IRQHandler
                0x08002934                TIM8_CC_IRQHandler
                0x08002934                HRTIM1_Master_IRQHandler
                0x08002934                UART8_IRQHandler
                0x08002934                SPI4_IRQHandler
                0x08002934                TIM1_CC_IRQHandler
                0x08002934                BDMA_Channel6_IRQHandler
                0x08002934                DMA2_Stream5_IRQHandler
                0x08002934                HRTIM1_FLT_IRQHandler
                0x08002934                JPEG_IRQHandler
                0x08002934                DMA1_Stream5_IRQHandler
                0x08002934                BDMA_Channel1_IRQHandler
                0x08002934                HRTIM1_TIMD_IRQHandler
                0x08002934                TAMP_STAMP_IRQHandler
                0x08002934                EXTI3_IRQHandler
                0x08002934                LPTIM4_IRQHandler
                0x08002934                TIM8_TRG_COM_TIM14_IRQHandler
                0x08002934                LPTIM2_IRQHandler
                0x08002934                DFSDM1_FLT1_IRQHandler
                0x08002934                DMAMUX2_OVR_IRQHandler
                0x08002934                TIM8_UP_TIM13_IRQHandler
                0x08002934                I2C3_ER_IRQHandler
                0x08002934                DFSDM1_FLT2_IRQHandler
                0x08002934                MDMA_IRQHandler
                0x08002934                LPTIM3_IRQHandler
                0x08002934                HSEM1_IRQHandler
                0x08002934                EXTI0_IRQHandler
                0x08002934                I2C2_EV_IRQHandler
                0x08002934                DMA1_Stream2_IRQHandler
                0x08002934                FPU_IRQHandler
                0x08002934                OTG_HS_WKUP_IRQHandler
                0x08002934                FDCAN1_IT1_IRQHandler
                0x08002934                LTDC_ER_IRQHandler
                0x08002934                DMA2_Stream2_IRQHandler
                0x08002934                HRTIM1_TIME_IRQHandler
                0x08002934                SPI1_IRQHandler
                0x08002934                TIM6_DAC_IRQHandler
                0x08002934                DCMI_IRQHandler
                0x08002934                HRTIM1_TIMC_IRQHandler
                0x08002934                DMA2_Stream3_IRQHandler
                0x08002934                SAI2_IRQHandler
                0x08002934                DFSDM1_FLT3_IRQHandler
                0x08002934                USART6_IRQHandler
                0x08002934                TIM17_IRQHandler
                0x08002934                USART3_IRQHandler
                0x08002934                BDMA_Channel7_IRQHandler
                0x08002934                LPTIM5_IRQHandler
                0x08002934                UART5_IRQHandler
                0x08002934                ADC3_IRQHandler
                0x08002934                DMA2_Stream0_IRQHandler
                0x08002934                TIM4_IRQHandler
                0x08002934                BDMA_Channel2_IRQHandler
                0x08002934                QUADSPI_IRQHandler
                0x08002934                I2C1_EV_IRQHandler
                0x08002934                DMA1_Stream6_IRQHandler
                0x08002934                DMAMUX1_OVR_IRQHandler
                0x08002934                DMA1_Stream1_IRQHandler
                0x08002934                TIM16_IRQHandler
                0x08002934                UART4_IRQHandler
                0x08002934                BDMA_Channel5_IRQHandler
                0x08002934                TIM3_IRQHandler
                0x08002934                RCC_IRQHandler
                0x08002934                TIM8_BRK_TIM12_IRQHandler
                0x08002934                TIM1_TRG_COM_IRQHandler
                0x08002934                Default_Handler
                0x08002934                ECC_IRQHandler
                0x08002934                CEC_IRQHandler
                0x08002934                EXTI15_10_IRQHandler
                0x08002934                BDMA_Channel0_IRQHandler
                0x08002934                ADC_IRQHandler
                0x08002934                DMA1_Stream7_IRQHandler
                0x08002934                HRTIM1_TIMA_IRQHandler
                0x08002934                SPI5_IRQHandler
                0x08002934                TIM7_IRQHandler
                0x08002934                SDMMC1_IRQHandler
                0x08002934                TIM5_IRQHandler
                0x08002934                DMA2_Stream7_IRQHandler
                0x08002934                TIM15_IRQHandler
                0x08002934                PVD_AVD_IRQHandler
                0x08002934                I2C3_EV_IRQHandler
                0x08002934                EXTI9_5_IRQHandler
                0x08002934                RTC_WKUP_IRQHandler
                0x08002934                LTDC_IRQHandler
                0x08002934                SAI3_IRQHandler
                0x08002934                ETH_WKUP_IRQHandler
                0x08002934                SPDIF_RX_IRQHandler
                0x08002934                SPI2_IRQHandler
                0x08002934                OTG_HS_EP1_IN_IRQHandler
                0x08002934                DMA1_Stream0_IRQHandler
                0x08002934                CRS_IRQHandler
                0x08002934                EXTI4_IRQHandler
                0x08002934                RNG_IRQHandler
                0x08002934                HRTIM1_TIMB_IRQHandler
                0x08002934                FDCAN2_IT1_IRQHandler
                0x08002934                ETH_IRQHandler
                0x08002934                TIM1_UP_IRQHandler
                0x08002934                BDMA_Channel4_IRQHandler
                0x08002934                OTG_HS_EP1_OUT_IRQHandler
                0x08002934                WWDG_IRQHandler
                0x08002934                SPI6_IRQHandler
                0x08002934                MDIOS_IRQHandler
                0x08002934                I2C4_EV_IRQHandler
                0x08002934                FDCAN2_IT0_IRQHandler
                0x08002934                LPUART1_IRQHandler
                0x08002934                FDCAN1_IT0_IRQHandler
                0x08002934                TIM2_IRQHandler
                0x08002934                OTG_FS_WKUP_IRQHandler
                0x08002934                OTG_HS_IRQHandler
                0x08002934                DMA2D_IRQHandler
                0x08002934                TIM1_BRK_IRQHandler
                0x08002934                EXTI1_IRQHandler
                0x08002934                SDMMC2_IRQHandler
                0x08002934                OTG_FS_EP1_OUT_IRQHandler
                0x08002934                BDMA_Channel3_IRQHandler
                0x08002934                UART7_IRQHandler
                0x08002934                MDIOS_WKUP_IRQHandler
                0x08002934                USART2_IRQHandler
                0x08002934                DFSDM1_FLT0_IRQHandler
                0x08002934                SAI4_IRQHandler
                0x08002934                I2C2_ER_IRQHandler
                0x08002934                DMA2_Stream1_IRQHandler
                0x08002934                FLASH_IRQHandler
                0x08002934                DMA2_Stream4_IRQHandler
                0x08002934                USART1_IRQHandler
                0x08002934                OTG_FS_IRQHandler
                0x08002934                SPI3_IRQHandler
                0x08002934                WAKEUP_PIN_IRQHandler
                0x08002934                DMA1_Stream4_IRQHandler
                0x08002934                OTG_FS_EP1_IN_IRQHandler
                0x08002934                I2C1_ER_IRQHandler
                0x08002934                FMC_IRQHandler
                0x08002934                FDCAN_CAL_IRQHandler
                0x08002934                SWPMI1_IRQHandler
                0x08002934                COMP1_IRQHandler
                0x08002934                LPTIM1_IRQHandler
                0x08002934                I2C4_ER_IRQHandler
                0x08002934                DMA2_Stream6_IRQHandler
                0x08002934                SAI1_IRQHandler
                0x08002934                DMA1_Stream3_IRQHandler
 *fill*         0x08002936        0x2 
 .text.HAL_Init
                0x08002938       0x78 ./Drivers/STM32H7xx_HAL_Driver/Src/stm32h7xx_hal.o
                0x08002938                HAL_Init
 .text.HAL_InitTick
                0x080029b0       0x6c ./Drivers/STM32H7xx_HAL_Driver/Src/stm32h7xx_hal.o
                0x080029b0                HAL_InitTick
 .text.HAL_IncTick
                0x08002a1c       0x28 ./Drivers/STM32H7xx_HAL_Driver/Src/stm32h7xx_hal.o
                0x08002a1c                HAL_IncTick
 .text.HAL_GetTick
                0x08002a44       0x18 ./Drivers/STM32H7xx_HAL_Driver/Src/stm32h7xx_hal.o
                0x08002a44                HAL_GetTick
 .text.HAL_Delay
                0x08002a5c       0x48 ./Drivers/STM32H7xx_HAL_Driver/Src/stm32h7xx_hal.o
                0x08002a5c                HAL_Delay
 .text.HAL_GetREVID
                0x08002aa4       0x18 ./Drivers/STM32H7xx_HAL_Driver/Src/stm32h7xx_hal.o
                0x08002aa4                HAL_GetREVID
 .text.__NVIC_SetPriorityGrouping
                0x08002abc       0x48 ./Drivers/STM32H7xx_HAL_Driver/Src/stm32h7xx_hal_cortex.o
 .text.__NVIC_GetPriorityGrouping
                0x08002b04       0x1c ./Drivers/STM32H7xx_HAL_Driver/Src/stm32h7xx_hal_cortex.o
 .text.__NVIC_EnableIRQ
                0x08002b20       0x3c ./Drivers/STM32H7xx_HAL_Driver/Src/stm32h7xx_hal_cortex.o
 .text.__NVIC_SetPriority
                0x08002b5c       0x54 ./Drivers/STM32H7xx_HAL_Driver/Src/stm32h7xx_hal_cortex.o
 .text.NVIC_EncodePriority
                0x08002bb0       0x66 ./Drivers/STM32H7xx_HAL_Driver/Src/stm32h7xx_hal_cortex.o
 *fill*         0x08002c16        0x2 
 .text.SysTick_Config
                0x08002c18       0x44 ./Drivers/STM32H7xx_HAL_Driver/Src/stm32h7xx_hal_cortex.o
 .text.HAL_NVIC_SetPriorityGrouping
                0x08002c5c       0x16 ./Drivers/STM32H7xx_HAL_Driver/Src/stm32h7xx_hal_cortex.o
                0x08002c5c                HAL_NVIC_SetPriorityGrouping
 .text.HAL_NVIC_SetPriority
                0x08002c72       0x34 ./Drivers/STM32H7xx_HAL_Driver/Src/stm32h7xx_hal_cortex.o
                0x08002c72                HAL_NVIC_SetPriority
 .text.HAL_NVIC_EnableIRQ
                0x08002ca6       0x1c ./Drivers/STM32H7xx_HAL_Driver/Src/stm32h7xx_hal_cortex.o
                0x08002ca6                HAL_NVIC_EnableIRQ
 .text.HAL_SYSTICK_Config
                0x08002cc2       0x18 ./Drivers/STM32H7xx_HAL_Driver/Src/stm32h7xx_hal_cortex.o
                0x08002cc2                HAL_SYSTICK_Config
 *fill*         0x08002cda        0x2 
 .text.HAL_MPU_Disable
                0x08002cdc       0x30 ./Drivers/STM32H7xx_HAL_Driver/Src/stm32h7xx_hal_cortex.o
                0x08002cdc                HAL_MPU_Disable
 .text.HAL_MPU_Enable
                0x08002d0c       0x40 ./Drivers/STM32H7xx_HAL_Driver/Src/stm32h7xx_hal_cortex.o
                0x08002d0c                HAL_MPU_Enable
 .text.HAL_MPU_ConfigRegion
                0x08002d4c       0x80 ./Drivers/STM32H7xx_HAL_Driver/Src/stm32h7xx_hal_cortex.o
                0x08002d4c                HAL_MPU_ConfigRegion
 .text.HAL_GPIO_Init
                0x08002dcc      0x360 ./Drivers/STM32H7xx_HAL_Driver/Src/stm32h7xx_hal_gpio.o
                0x08002dcc                HAL_GPIO_Init
 .text.HAL_I2C_Init
                0x0800312c      0x138 ./Drivers/STM32H7xx_HAL_Driver/Src/stm32h7xx_hal_i2c.o
                0x0800312c                HAL_I2C_Init
 .text.HAL_I2C_Master_Transmit
                0x08003264      0x230 ./Drivers/STM32H7xx_HAL_Driver/Src/stm32h7xx_hal_i2c.o
                0x08003264                HAL_I2C_Master_Transmit
 .text.HAL_I2C_Master_Receive
                0x08003494      0x1ec ./Drivers/STM32H7xx_HAL_Driver/Src/stm32h7xx_hal_i2c.o
                0x08003494                HAL_I2C_Master_Receive
 .text.HAL_I2C_Mem_Read
                0x08003680      0x234 ./Drivers/STM32H7xx_HAL_Driver/Src/stm32h7xx_hal_i2c.o
                0x08003680                HAL_I2C_Mem_Read
 .text.HAL_I2C_IsDeviceReady
                0x080038b4      0x20c ./Drivers/STM32H7xx_HAL_Driver/Src/stm32h7xx_hal_i2c.o
                0x080038b4                HAL_I2C_IsDeviceReady
 .text.I2C_RequestMemoryRead
                0x08003ac0       0xa8 ./Drivers/STM32H7xx_HAL_Driver/Src/stm32h7xx_hal_i2c.o
 .text.I2C_Flush_TXDR
                0x08003b68       0x48 ./Drivers/STM32H7xx_HAL_Driver/Src/stm32h7xx_hal_i2c.o
 .text.I2C_WaitOnFlagUntilTimeout
                0x08003bb0       0xb2 ./Drivers/STM32H7xx_HAL_Driver/Src/stm32h7xx_hal_i2c.o
 .text.I2C_WaitOnTXISFlagUntilTimeout
                0x08003c62       0x8e ./Drivers/STM32H7xx_HAL_Driver/Src/stm32h7xx_hal_i2c.o
 .text.I2C_WaitOnSTOPFlagUntilTimeout
                0x08003cf0       0x86 ./Drivers/STM32H7xx_HAL_Driver/Src/stm32h7xx_hal_i2c.o
 *fill*         0x08003d76        0x2 
 .text.I2C_WaitOnRXNEFlagUntilTimeout
                0x08003d78      0x118 ./Drivers/STM32H7xx_HAL_Driver/Src/stm32h7xx_hal_i2c.o
 .text.I2C_IsErrorOccurred
                0x08003e90      0x1c0 ./Drivers/STM32H7xx_HAL_Driver/Src/stm32h7xx_hal_i2c.o
 .text.I2C_TransferConfig
                0x08004050       0x64 ./Drivers/STM32H7xx_HAL_Driver/Src/stm32h7xx_hal_i2c.o
 .text.HAL_I2CEx_ConfigAnalogFilter
                0x080040b4       0x96 ./Drivers/STM32H7xx_HAL_Driver/Src/stm32h7xx_hal_i2c_ex.o
                0x080040b4                HAL_I2CEx_ConfigAnalogFilter
 .text.HAL_I2CEx_ConfigDigitalFilter
                0x0800414a       0x98 ./Drivers/STM32H7xx_HAL_Driver/Src/stm32h7xx_hal_i2c_ex.o
                0x0800414a                HAL_I2CEx_ConfigDigitalFilter
 *fill*         0x080041e2        0x2 
 .text.HAL_PWREx_ConfigSupply
                0x080041e4       0x74 ./Drivers/STM32H7xx_HAL_Driver/Src/stm32h7xx_hal_pwr_ex.o
                0x080041e4                HAL_PWREx_ConfigSupply
 .text.HAL_RCC_OscConfig
                0x08004258      0x8b4 ./Drivers/STM32H7xx_HAL_Driver/Src/stm32h7xx_hal_rcc.o
                0x08004258                HAL_RCC_OscConfig
 .text.HAL_RCC_ClockConfig
                0x08004b0c      0x36c ./Drivers/STM32H7xx_HAL_Driver/Src/stm32h7xx_hal_rcc.o
                0x08004b0c                HAL_RCC_ClockConfig
 .text.HAL_RCC_GetSysClockFreq
                0x08004e78      0x2f4 ./Drivers/STM32H7xx_HAL_Driver/Src/stm32h7xx_hal_rcc.o
                0x08004e78                HAL_RCC_GetSysClockFreq
 .text.HAL_RCC_GetHCLKFreq
                0x0800516c       0x60 ./Drivers/STM32H7xx_HAL_Driver/Src/stm32h7xx_hal_rcc.o
                0x0800516c                HAL_RCC_GetHCLKFreq
 .text.HAL_RCC_GetPCLK1Freq
                0x080051cc       0x2c ./Drivers/STM32H7xx_HAL_Driver/Src/stm32h7xx_hal_rcc.o
                0x080051cc                HAL_RCC_GetPCLK1Freq
 .text.HAL_RCC_GetPCLK2Freq
                0x080051f8       0x2c ./Drivers/STM32H7xx_HAL_Driver/Src/stm32h7xx_hal_rcc.o
                0x080051f8                HAL_RCC_GetPCLK2Freq
 .text.HAL_RCCEx_PeriphCLKConfig
                0x08005224     0x1414 ./Drivers/STM32H7xx_HAL_Driver/Src/stm32h7xx_hal_rcc_ex.o
                0x08005224                HAL_RCCEx_PeriphCLKConfig
 .text.HAL_RCCEx_GetD3PCLK1Freq
                0x08006638       0x2c ./Drivers/STM32H7xx_HAL_Driver/Src/stm32h7xx_hal_rcc_ex.o
                0x08006638                HAL_RCCEx_GetD3PCLK1Freq
 .text.HAL_RCCEx_GetPLL2ClockFreq
                0x08006664      0x2a8 ./Drivers/STM32H7xx_HAL_Driver/Src/stm32h7xx_hal_rcc_ex.o
                0x08006664                HAL_RCCEx_GetPLL2ClockFreq
 .text.HAL_RCCEx_GetPLL3ClockFreq
                0x0800690c      0x2a8 ./Drivers/STM32H7xx_HAL_Driver/Src/stm32h7xx_hal_rcc_ex.o
                0x0800690c                HAL_RCCEx_GetPLL3ClockFreq
 .text.RCCEx_PLL2_Config
                0x08006bb4      0x164 ./Drivers/STM32H7xx_HAL_Driver/Src/stm32h7xx_hal_rcc_ex.o
 .text.RCCEx_PLL3_Config
                0x08006d18      0x164 ./Drivers/STM32H7xx_HAL_Driver/Src/stm32h7xx_hal_rcc_ex.o
 .text.HAL_SPI_Init
                0x08006e7c      0x248 ./Drivers/STM32H7xx_HAL_Driver/Src/stm32h7xx_hal_spi.o
                0x08006e7c                HAL_SPI_Init
 .text.SPI_GetPacketSize
                0x080070c4       0x36 ./Drivers/STM32H7xx_HAL_Driver/Src/stm32h7xx_hal_spi.o
 .text.HAL_UART_Init
                0x080070fa       0xa0 ./Drivers/STM32H7xx_HAL_Driver/Src/stm32h7xx_hal_uart.o
                0x080070fa                HAL_UART_Init
 .text.HAL_UART_Transmit
                0x0800719a      0x11c ./Drivers/STM32H7xx_HAL_Driver/Src/stm32h7xx_hal_uart.o
                0x0800719a                HAL_UART_Transmit
 *fill*         0x080072b6        0x2 
 .text.UART_SetConfig
                0x080072b8      0xad0 ./Drivers/STM32H7xx_HAL_Driver/Src/stm32h7xx_hal_uart.o
                0x080072b8                UART_SetConfig
 .text.UART_AdvFeatureConfig
                0x08007d88      0x144 ./Drivers/STM32H7xx_HAL_Driver/Src/stm32h7xx_hal_uart.o
                0x08007d88                UART_AdvFeatureConfig
 .text.UART_CheckIdleState
                0x08007ecc      0x154 ./Drivers/STM32H7xx_HAL_Driver/Src/stm32h7xx_hal_uart.o
                0x08007ecc                UART_CheckIdleState
 .text.UART_WaitOnFlagUntilTimeout
                0x08008020       0xda ./Drivers/STM32H7xx_HAL_Driver/Src/stm32h7xx_hal_uart.o
                0x08008020                UART_WaitOnFlagUntilTimeout
 *fill*         0x080080fa        0x2 
 .text.UART_EndRxTransfer
                0x080080fc       0xcc ./Drivers/STM32H7xx_HAL_Driver/Src/stm32h7xx_hal_uart.o
 .text.HAL_UARTEx_DisableFifoMode
                0x080081c8       0x72 ./Drivers/STM32H7xx_HAL_Driver/Src/stm32h7xx_hal_uart_ex.o
                0x080081c8                HAL_UARTEx_DisableFifoMode
 .text.HAL_UARTEx_SetTxFifoThreshold
                0x0800823a       0x7c ./Drivers/STM32H7xx_HAL_Driver/Src/stm32h7xx_hal_uart_ex.o
                0x0800823a                HAL_UARTEx_SetTxFifoThreshold
 .text.HAL_UARTEx_SetRxFifoThreshold
                0x080082b6       0x7c ./Drivers/STM32H7xx_HAL_Driver/Src/stm32h7xx_hal_uart_ex.o
                0x080082b6                HAL_UARTEx_SetRxFifoThreshold
 *fill*         0x08008332        0x2 
 .text.UARTEx_SetNbDataToProcess
                0x08008334       0x9c ./Drivers/STM32H7xx_HAL_Driver/Src/stm32h7xx_hal_uart_ex.o
 .text.malloc   0x080083d0       0x10 /opt/st/stm32cubeide_1.17.0/plugins/com.st.stm32cube.ide.mcu.externaltools.gnu-tools-for-stm32.12.3.rel1.linux64_1.1.0.202410170702/tools/bin/../lib/gcc/arm-none-eabi/12.3.1/../../../../arm-none-eabi/lib/thumb/v7e-m+dp/hard/libc_nano.a(libc_a-malloc.o)
                0x080083d0                malloc
 .text.sbrk_aligned
                0x080083e0       0x44 /opt/st/stm32cubeide_1.17.0/plugins/com.st.stm32cube.ide.mcu.externaltools.gnu-tools-for-stm32.12.3.rel1.linux64_1.1.0.202410170702/tools/bin/../lib/gcc/arm-none-eabi/12.3.1/../../../../arm-none-eabi/lib/thumb/v7e-m+dp/hard/libc_nano.a(libc_a-mallocr.o)
 .text._malloc_r
                0x08008424      0x100 /opt/st/stm32cubeide_1.17.0/plugins/com.st.stm32cube.ide.mcu.externaltools.gnu-tools-for-stm32.12.3.rel1.linux64_1.1.0.202410170702/tools/bin/../lib/gcc/arm-none-eabi/12.3.1/../../../../arm-none-eabi/lib/thumb/v7e-m+dp/hard/libc_nano.a(libc_a-mallocr.o)
                0x08008424                _malloc_r
 .text.__malloc_lock
                0x08008524        0xc /opt/st/stm32cubeide_1.17.0/plugins/com.st.stm32cube.ide.mcu.externaltools.gnu-tools-for-stm32.12.3.rel1.linux64_1.1.0.202410170702/tools/bin/../lib/gcc/arm-none-eabi/12.3.1/../../../../arm-none-eabi/lib/thumb/v7e-m+dp/hard/libc_nano.a(libc_a-mlock.o)
                0x08008524                __malloc_lock
 .text.__malloc_unlock
                0x08008530        0xc /opt/st/stm32cubeide_1.17.0/plugins/com.st.stm32cube.ide.mcu.externaltools.gnu-tools-for-stm32.12.3.rel1.linux64_1.1.0.202410170702/tools/bin/../lib/gcc/arm-none-eabi/12.3.1/../../../../arm-none-eabi/lib/thumb/v7e-m+dp/hard/libc_nano.a(libc_a-mlock.o)
                0x08008530                __malloc_unlock
 .text.__cvt    0x0800853c       0xa8 /opt/st/stm32cubeide_1.17.0/plugins/com.st.stm32cube.ide.mcu.externaltools.gnu-tools-for-stm32.12.3.rel1.linux64_1.1.0.202410170702/tools/bin/../lib/gcc/arm-none-eabi/12.3.1/../../../../arm-none-eabi/lib/thumb/v7e-m+dp/hard/libc_nano.a(libc_a-nano-vfprintf_float.o)
                0x0800853c                __cvt
 .text.__exponent
                0x080085e4       0x74 /opt/st/stm32cubeide_1.17.0/plugins/com.st.stm32cube.ide.mcu.externaltools.gnu-tools-for-stm32.12.3.rel1.linux64_1.1.0.202410170702/tools/bin/../lib/gcc/arm-none-eabi/12.3.1/../../../../arm-none-eabi/lib/thumb/v7e-m+dp/hard/libc_nano.a(libc_a-nano-vfprintf_float.o)
                0x080085e4                __exponent
 .text._printf_float
                0x08008658      0x434 /opt/st/stm32cubeide_1.17.0/plugins/com.st.stm32cube.ide.mcu.externaltools.gnu-tools-for-stm32.12.3.rel1.linux64_1.1.0.202410170702/tools/bin/../lib/gcc/arm-none-eabi/12.3.1/../../../../arm-none-eabi/lib/thumb/v7e-m+dp/hard/libc_nano.a(libc_a-nano-vfprintf_float.o)
                0x08008658                _printf_float
 .text._printf_common
                0x08008a8c       0xda /opt/st/stm32cubeide_1.17.0/plugins/com.st.stm32cube.ide.mcu.externaltools.gnu-tools-for-stm32.12.3.rel1.linux64_1.1.0.202410170702/tools/bin/../lib/gcc/arm-none-eabi/12.3.1/../../../../arm-none-eabi/lib/thumb/v7e-m+dp/hard/libc_nano.a(libc_a-nano-vfprintf_i.o)
                0x08008a8c                _printf_common
 *fill*         0x08008b66        0x2 
 .text._printf_i
                0x08008b68      0x240 /opt/st/stm32cubeide_1.17.0/plugins/com.st.stm32cube.ide.mcu.externaltools.gnu-tools-for-stm32.12.3.rel1.linux64_1.1.0.202410170702/tools/bin/../lib/gcc/arm-none-eabi/12.3.1/../../../../arm-none-eabi/lib/thumb/v7e-m+dp/hard/libc_nano.a(libc_a-nano-vfprintf_i.o)
                0x08008b68                _printf_i
 .text.std      0x08008da8       0x6c /opt/st/stm32cubeide_1.17.0/plugins/com.st.stm32cube.ide.mcu.externaltools.gnu-tools-for-stm32.12.3.rel1.linux64_1.1.0.202410170702/tools/bin/../lib/gcc/arm-none-eabi/12.3.1/../../../../arm-none-eabi/lib/thumb/v7e-m+dp/hard/libc_nano.a(libc_a-findfp.o)
 .text.stdio_exit_handler
                0x08008e14       0x18 /opt/st/stm32cubeide_1.17.0/plugins/com.st.stm32cube.ide.mcu.externaltools.gnu-tools-for-stm32.12.3.rel1.linux64_1.1.0.202410170702/tools/bin/../lib/gcc/arm-none-eabi/12.3.1/../../../../arm-none-eabi/lib/thumb/v7e-m+dp/hard/libc_nano.a(libc_a-findfp.o)
 .text.cleanup_stdio
                0x08008e2c       0x40 /opt/st/stm32cubeide_1.17.0/plugins/com.st.stm32cube.ide.mcu.externaltools.gnu-tools-for-stm32.12.3.rel1.linux64_1.1.0.202410170702/tools/bin/../lib/gcc/arm-none-eabi/12.3.1/../../../../arm-none-eabi/lib/thumb/v7e-m+dp/hard/libc_nano.a(libc_a-findfp.o)
 .text.global_stdio_init.part.0
                0x08008e6c       0x3c /opt/st/stm32cubeide_1.17.0/plugins/com.st.stm32cube.ide.mcu.externaltools.gnu-tools-for-stm32.12.3.rel1.linux64_1.1.0.202410170702/tools/bin/../lib/gcc/arm-none-eabi/12.3.1/../../../../arm-none-eabi/lib/thumb/v7e-m+dp/hard/libc_nano.a(libc_a-findfp.o)
 .text.__sfp_lock_acquire
                0x08008ea8        0xc /opt/st/stm32cubeide_1.17.0/plugins/com.st.stm32cube.ide.mcu.externaltools.gnu-tools-for-stm32.12.3.rel1.linux64_1.1.0.202410170702/tools/bin/../lib/gcc/arm-none-eabi/12.3.1/../../../../arm-none-eabi/lib/thumb/v7e-m+dp/hard/libc_nano.a(libc_a-findfp.o)
                0x08008ea8                __sfp_lock_acquire
 .text.__sfp_lock_release
                0x08008eb4        0xc /opt/st/stm32cubeide_1.17.0/plugins/com.st.stm32cube.ide.mcu.externaltools.gnu-tools-for-stm32.12.3.rel1.linux64_1.1.0.202410170702/tools/bin/../lib/gcc/arm-none-eabi/12.3.1/../../../../arm-none-eabi/lib/thumb/v7e-m+dp/hard/libc_nano.a(libc_a-findfp.o)
                0x08008eb4                __sfp_lock_release
 .text.__sinit  0x08008ec0       0x30 /opt/st/stm32cubeide_1.17.0/plugins/com.st.stm32cube.ide.mcu.externaltools.gnu-tools-for-stm32.12.3.rel1.linux64_1.1.0.202410170702/tools/bin/../lib/gcc/arm-none-eabi/12.3.1/../../../../arm-none-eabi/lib/thumb/v7e-m+dp/hard/libc_nano.a(libc_a-findfp.o)
                0x08008ec0                __sinit
 .text._fwalk_sglue
                0x08008ef0       0x3c /opt/st/stm32cubeide_1.17.0/plugins/com.st.stm32cube.ide.mcu.externaltools.gnu-tools-for-stm32.12.3.rel1.linux64_1.1.0.202410170702/tools/bin/../lib/gcc/arm-none-eabi/12.3.1/../../../../arm-none-eabi/lib/thumb/v7e-m+dp/hard/libc_nano.a(libc_a-fwalk.o)
                0x08008ef0                _fwalk_sglue
 .text.printf   0x08008f2c       0x24 /opt/st/stm32cubeide_1.17.0/plugins/com.st.stm32cube.ide.mcu.externaltools.gnu-tools-for-stm32.12.3.rel1.linux64_1.1.0.202410170702/tools/bin/../lib/gcc/arm-none-eabi/12.3.1/../../../../arm-none-eabi/lib/thumb/v7e-m+dp/hard/libc_nano.a(libc_a-printf.o)
                0x08008f2c                printf
                0x08008f2c                iprintf
 .text._puts_r  0x08008f50       0xaa /opt/st/stm32cubeide_1.17.0/plugins/com.st.stm32cube.ide.mcu.externaltools.gnu-tools-for-stm32.12.3.rel1.linux64_1.1.0.202410170702/tools/bin/../lib/gcc/arm-none-eabi/12.3.1/../../../../arm-none-eabi/lib/thumb/v7e-m+dp/hard/libc_nano.a(libc_a-puts.o)
                0x08008f50                _puts_r
 *fill*         0x08008ffa        0x2 
 .text.puts     0x08008ffc       0x10 /opt/st/stm32cubeide_1.17.0/plugins/com.st.stm32cube.ide.mcu.externaltools.gnu-tools-for-stm32.12.3.rel1.linux64_1.1.0.202410170702/tools/bin/../lib/gcc/arm-none-eabi/12.3.1/../../../../arm-none-eabi/lib/thumb/v7e-m+dp/hard/libc_nano.a(libc_a-puts.o)
                0x08008ffc                puts
 .text.__sread  0x0800900c       0x22 /opt/st/stm32cubeide_1.17.0/plugins/com.st.stm32cube.ide.mcu.externaltools.gnu-tools-for-stm32.12.3.rel1.linux64_1.1.0.202410170702/tools/bin/../lib/gcc/arm-none-eabi/12.3.1/../../../../arm-none-eabi/lib/thumb/v7e-m+dp/hard/libc_nano.a(libc_a-stdio.o)
                0x0800900c                __sread
 .text.__swrite
                0x0800902e       0x38 /opt/st/stm32cubeide_1.17.0/plugins/com.st.stm32cube.ide.mcu.externaltools.gnu-tools-for-stm32.12.3.rel1.linux64_1.1.0.202410170702/tools/bin/../lib/gcc/arm-none-eabi/12.3.1/../../../../arm-none-eabi/lib/thumb/v7e-m+dp/hard/libc_nano.a(libc_a-stdio.o)
                0x0800902e                __swrite
 .text.__sseek  0x08009066       0x24 /opt/st/stm32cubeide_1.17.0/plugins/com.st.stm32cube.ide.mcu.externaltools.gnu-tools-for-stm32.12.3.rel1.linux64_1.1.0.202410170702/tools/bin/../lib/gcc/arm-none-eabi/12.3.1/../../../../arm-none-eabi/lib/thumb/v7e-m+dp/hard/libc_nano.a(libc_a-stdio.o)
                0x08009066                __sseek
 .text.__sclose
                0x0800908a        0x8 /opt/st/stm32cubeide_1.17.0/plugins/com.st.stm32cube.ide.mcu.externaltools.gnu-tools-for-stm32.12.3.rel1.linux64_1.1.0.202410170702/tools/bin/../lib/gcc/arm-none-eabi/12.3.1/../../../../arm-none-eabi/lib/thumb/v7e-m+dp/hard/libc_nano.a(libc_a-stdio.o)
                0x0800908a                __sclose
 .text.__swbuf_r
                0x08009092       0x7c /opt/st/stm32cubeide_1.17.0/plugins/com.st.stm32cube.ide.mcu.externaltools.gnu-tools-for-stm32.12.3.rel1.linux64_1.1.0.202410170702/tools/bin/../lib/gcc/arm-none-eabi/12.3.1/../../../../arm-none-eabi/lib/thumb/v7e-m+dp/hard/libc_nano.a(libc_a-wbuf.o)
                0x08009092                __swbuf_r
 *fill*         0x0800910e        0x2 
 .text.__swsetup_r
                0x08009110       0xac /opt/st/stm32cubeide_1.17.0/plugins/com.st.stm32cube.ide.mcu.externaltools.gnu-tools-for-stm32.12.3.rel1.linux64_1.1.0.202410170702/tools/bin/../lib/gcc/arm-none-eabi/12.3.1/../../../../arm-none-eabi/lib/thumb/v7e-m+dp/hard/libc_nano.a(libc_a-wsetup.o)
                0x08009110                __swsetup_r
 .text.memset   0x080091bc       0x10 /opt/st/stm32cubeide_1.17.0/plugins/com.st.stm32cube.ide.mcu.externaltools.gnu-tools-for-stm32.12.3.rel1.linux64_1.1.0.202410170702/tools/bin/../lib/gcc/arm-none-eabi/12.3.1/../../../../arm-none-eabi/lib/thumb/v7e-m+dp/hard/libc_nano.a(libc_a-memset.o)
                0x080091bc                memset
 .text._localeconv_r
                0x080091cc        0x8 /opt/st/stm32cubeide_1.17.0/plugins/com.st.stm32cube.ide.mcu.externaltools.gnu-tools-for-stm32.12.3.rel1.linux64_1.1.0.202410170702/tools/bin/../lib/gcc/arm-none-eabi/12.3.1/../../../../arm-none-eabi/lib/thumb/v7e-m+dp/hard/libc_nano.a(libc_a-localeconv.o)
                0x080091cc                _localeconv_r
 .text._close_r
                0x080091d4       0x20 /opt/st/stm32cubeide_1.17.0/plugins/com.st.stm32cube.ide.mcu.externaltools.gnu-tools-for-stm32.12.3.rel1.linux64_1.1.0.202410170702/tools/bin/../lib/gcc/arm-none-eabi/12.3.1/../../../../arm-none-eabi/lib/thumb/v7e-m+dp/hard/libc_nano.a(libc_a-closer.o)
                0x080091d4                _close_r
 .text._lseek_r
                0x080091f4       0x24 /opt/st/stm32cubeide_1.17.0/plugins/com.st.stm32cube.ide.mcu.externaltools.gnu-tools-for-stm32.12.3.rel1.linux64_1.1.0.202410170702/tools/bin/../lib/gcc/arm-none-eabi/12.3.1/../../../../arm-none-eabi/lib/thumb/v7e-m+dp/hard/libc_nano.a(libc_a-lseekr.o)
                0x080091f4                _lseek_r
 .text._read_r  0x08009218       0x24 /opt/st/stm32cubeide_1.17.0/plugins/com.st.stm32cube.ide.mcu.externaltools.gnu-tools-for-stm32.12.3.rel1.linux64_1.1.0.202410170702/tools/bin/../lib/gcc/arm-none-eabi/12.3.1/../../../../arm-none-eabi/lib/thumb/v7e-m+dp/hard/libc_nano.a(libc_a-readr.o)
                0x08009218                _read_r
 .text._sbrk_r  0x0800923c       0x20 /opt/st/stm32cubeide_1.17.0/plugins/com.st.stm32cube.ide.mcu.externaltools.gnu-tools-for-stm32.12.3.rel1.linux64_1.1.0.202410170702/tools/bin/../lib/gcc/arm-none-eabi/12.3.1/../../../../arm-none-eabi/lib/thumb/v7e-m+dp/hard/libc_nano.a(libc_a-sbrkr.o)
                0x0800923c                _sbrk_r
 .text._write_r
                0x0800925c       0x24 /opt/st/stm32cubeide_1.17.0/plugins/com.st.stm32cube.ide.mcu.externaltools.gnu-tools-for-stm32.12.3.rel1.linux64_1.1.0.202410170702/tools/bin/../lib/gcc/arm-none-eabi/12.3.1/../../../../arm-none-eabi/lib/thumb/v7e-m+dp/hard/libc_nano.a(libc_a-writer.o)
                0x0800925c                _write_r
 .text.__errno  0x08009280        0xc /opt/st/stm32cubeide_1.17.0/plugins/com.st.stm32cube.ide.mcu.externaltools.gnu-tools-for-stm32.12.3.rel1.linux64_1.1.0.202410170702/tools/bin/../lib/gcc/arm-none-eabi/12.3.1/../../../../arm-none-eabi/lib/thumb/v7e-m+dp/hard/libc_nano.a(libc_a-errno.o)
                0x08009280                __errno
 .text.__libc_init_array
                0x0800928c       0x48 /opt/st/stm32cubeide_1.17.0/plugins/com.st.stm32cube.ide.mcu.externaltools.gnu-tools-for-stm32.12.3.rel1.linux64_1.1.0.202410170702/tools/bin/../lib/gcc/arm-none-eabi/12.3.1/../../../../arm-none-eabi/lib/thumb/v7e-m+dp/hard/libc_nano.a(libc_a-init.o)
                0x0800928c                __libc_init_array
 .text.__retarget_lock_init_recursive
                0x080092d4        0x2 /opt/st/stm32cubeide_1.17.0/plugins/com.st.stm32cube.ide.mcu.externaltools.gnu-tools-for-stm32.12.3.rel1.linux64_1.1.0.202410170702/tools/bin/../lib/gcc/arm-none-eabi/12.3.1/../../../../arm-none-eabi/lib/thumb/v7e-m+dp/hard/libc_nano.a(libc_a-lock.o)
                0x080092d4                __retarget_lock_init_recursive
 .text.__retarget_lock_acquire_recursive
                0x080092d6        0x2 /opt/st/stm32cubeide_1.17.0/plugins/com.st.stm32cube.ide.mcu.externaltools.gnu-tools-for-stm32.12.3.rel1.linux64_1.1.0.202410170702/tools/bin/../lib/gcc/arm-none-eabi/12.3.1/../../../../arm-none-eabi/lib/thumb/v7e-m+dp/hard/libc_nano.a(libc_a-lock.o)
                0x080092d6                __retarget_lock_acquire_recursive
 .text.__retarget_lock_release_recursive
                0x080092d8        0x2 /opt/st/stm32cubeide_1.17.0/plugins/com.st.stm32cube.ide.mcu.externaltools.gnu-tools-for-stm32.12.3.rel1.linux64_1.1.0.202410170702/tools/bin/../lib/gcc/arm-none-eabi/12.3.1/../../../../arm-none-eabi/lib/thumb/v7e-m+dp/hard/libc_nano.a(libc_a-lock.o)
                0x080092d8                __retarget_lock_release_recursive
 .text.memcpy   0x080092da       0x1c /opt/st/stm32cubeide_1.17.0/plugins/com.st.stm32cube.ide.mcu.externaltools.gnu-tools-for-stm32.12.3.rel1.linux64_1.1.0.202410170702/tools/bin/../lib/gcc/arm-none-eabi/12.3.1/../../../../arm-none-eabi/lib/thumb/v7e-m+dp/hard/libc_nano.a(libc_a-memcpy-stub.o)
                0x080092da                memcpy
 .text.quorem   0x080092f6      0x110 /opt/st/stm32cubeide_1.17.0/plugins/com.st.stm32cube.ide.mcu.externaltools.gnu-tools-for-stm32.12.3.rel1.linux64_1.1.0.202410170702/tools/bin/../lib/gcc/arm-none-eabi/12.3.1/../../../../arm-none-eabi/lib/thumb/v7e-m+dp/hard/libc_nano.a(libc_a-dtoa.o)
 *fill*         0x08009406        0x2 
 .text._dtoa_r  0x08009408      0xaac /opt/st/stm32cubeide_1.17.0/plugins/com.st.stm32cube.ide.mcu.externaltools.gnu-tools-for-stm32.12.3.rel1.linux64_1.1.0.202410170702/tools/bin/../lib/gcc/arm-none-eabi/12.3.1/../../../../arm-none-eabi/lib/thumb/v7e-m+dp/hard/libc_nano.a(libc_a-dtoa.o)
                0x08009408                _dtoa_r
 .text._free_r  0x08009eb4       0x94 /opt/st/stm32cubeide_1.17.0/plugins/com.st.stm32cube.ide.mcu.externaltools.gnu-tools-for-stm32.12.3.rel1.linux64_1.1.0.202410170702/tools/bin/../lib/gcc/arm-none-eabi/12.3.1/../../../../arm-none-eabi/lib/thumb/v7e-m+dp/hard/libc_nano.a(libc_a-freer.o)
                0x08009eb4                _free_r
 .text._Balloc  0x08009f48       0x80 /opt/st/stm32cubeide_1.17.0/plugins/com.st.stm32cube.ide.mcu.externaltools.gnu-tools-for-stm32.12.3.rel1.linux64_1.1.0.202410170702/tools/bin/../lib/gcc/arm-none-eabi/12.3.1/../../../../arm-none-eabi/lib/thumb/v7e-m+dp/hard/libc_nano.a(libc_a-mprec.o)
                0x08009f48                _Balloc
 .text._Bfree   0x08009fc8       0x44 /opt/st/stm32cubeide_1.17.0/plugins/com.st.stm32cube.ide.mcu.externaltools.gnu-tools-for-stm32.12.3.rel1.linux64_1.1.0.202410170702/tools/bin/../lib/gcc/arm-none-eabi/12.3.1/../../../../arm-none-eabi/lib/thumb/v7e-m+dp/hard/libc_nano.a(libc_a-mprec.o)
                0x08009fc8                _Bfree
 .text.__multadd
                0x0800a00c       0x8c /opt/st/stm32cubeide_1.17.0/plugins/com.st.stm32cube.ide.mcu.externaltools.gnu-tools-for-stm32.12.3.rel1.linux64_1.1.0.202410170702/tools/bin/../lib/gcc/arm-none-eabi/12.3.1/../../../../arm-none-eabi/lib/thumb/v7e-m+dp/hard/libc_nano.a(libc_a-mprec.o)
                0x0800a00c                __multadd
 .text.__hi0bits
                0x0800a098       0x3e /opt/st/stm32cubeide_1.17.0/plugins/com.st.stm32cube.ide.mcu.externaltools.gnu-tools-for-stm32.12.3.rel1.linux64_1.1.0.202410170702/tools/bin/../lib/gcc/arm-none-eabi/12.3.1/../../../../arm-none-eabi/lib/thumb/v7e-m+dp/hard/libc_nano.a(libc_a-mprec.o)
                0x0800a098                __hi0bits
 .text.__lo0bits
                0x0800a0d6       0x5a /opt/st/stm32cubeide_1.17.0/plugins/com.st.stm32cube.ide.mcu.externaltools.gnu-tools-for-stm32.12.3.rel1.linux64_1.1.0.202410170702/tools/bin/../lib/gcc/arm-none-eabi/12.3.1/../../../../arm-none-eabi/lib/thumb/v7e-m+dp/hard/libc_nano.a(libc_a-mprec.o)
                0x0800a0d6                __lo0bits
 .text.__i2b    0x0800a130       0x2c /opt/st/stm32cubeide_1.17.0/plugins/com.st.stm32cube.ide.mcu.externaltools.gnu-tools-for-stm32.12.3.rel1.linux64_1.1.0.202410170702/tools/bin/../lib/gcc/arm-none-eabi/12.3.1/../../../../arm-none-eabi/lib/thumb/v7e-m+dp/hard/libc_nano.a(libc_a-mprec.o)
                0x0800a130                __i2b
 .text.__multiply
                0x0800a15c      0x154 /opt/st/stm32cubeide_1.17.0/plugins/com.st.stm32cube.ide.mcu.externaltools.gnu-tools-for-stm32.12.3.rel1.linux64_1.1.0.202410170702/tools/bin/../lib/gcc/arm-none-eabi/12.3.1/../../../../arm-none-eabi/lib/thumb/v7e-m+dp/hard/libc_nano.a(libc_a-mprec.o)
                0x0800a15c                __multiply
 .text.__pow5mult
                0x0800a2b0       0xb4 /opt/st/stm32cubeide_1.17.0/plugins/com.st.stm32cube.ide.mcu.externaltools.gnu-tools-for-stm32.12.3.rel1.linux64_1.1.0.202410170702/tools/bin/../lib/gcc/arm-none-eabi/12.3.1/../../../../arm-none-eabi/lib/thumb/v7e-m+dp/hard/libc_nano.a(libc_a-mprec.o)
                0x0800a2b0                __pow5mult
 .text.__lshift
                0x0800a364       0xd8 /opt/st/stm32cubeide_1.17.0/plugins/com.st.stm32cube.ide.mcu.externaltools.gnu-tools-for-stm32.12.3.rel1.linux64_1.1.0.202410170702/tools/bin/../lib/gcc/arm-none-eabi/12.3.1/../../../../arm-none-eabi/lib/thumb/v7e-m+dp/hard/libc_nano.a(libc_a-mprec.o)
                0x0800a364                __lshift
 .text.__mcmp   0x0800a43c       0x36 /opt/st/stm32cubeide_1.17.0/plugins/com.st.stm32cube.ide.mcu.externaltools.gnu-tools-for-stm32.12.3.rel1.linux64_1.1.0.202410170702/tools/bin/../lib/gcc/arm-none-eabi/12.3.1/../../../../arm-none-eabi/lib/thumb/v7e-m+dp/hard/libc_nano.a(libc_a-mprec.o)
                0x0800a43c                __mcmp
 *fill*         0x0800a472        0x2 
 .text.__mdiff  0x0800a474      0x128 /opt/st/stm32cubeide_1.17.0/plugins/com.st.stm32cube.ide.mcu.externaltools.gnu-tools-for-stm32.12.3.rel1.linux64_1.1.0.202410170702/tools/bin/../lib/gcc/arm-none-eabi/12.3.1/../../../../arm-none-eabi/lib/thumb/v7e-m+dp/hard/libc_nano.a(libc_a-mprec.o)
                0x0800a474                __mdiff
 .text.__d2b    0x0800a59c       0xb0 /opt/st/stm32cubeide_1.17.0/plugins/com.st.stm32cube.ide.mcu.externaltools.gnu-tools-for-stm32.12.3.rel1.linux64_1.1.0.202410170702/tools/bin/../lib/gcc/arm-none-eabi/12.3.1/../../../../arm-none-eabi/lib/thumb/v7e-m+dp/hard/libc_nano.a(libc_a-mprec.o)
                0x0800a59c                __d2b
 .text.__sfputc_r
                0x0800a64c       0x2e /opt/st/stm32cubeide_1.17.0/plugins/com.st.stm32cube.ide.mcu.externaltools.gnu-tools-for-stm32.12.3.rel1.linux64_1.1.0.202410170702/tools/bin/../lib/gcc/arm-none-eabi/12.3.1/../../../../arm-none-eabi/lib/thumb/v7e-m+dp/hard/libc_nano.a(libc_a-nano-vfprintf.o)
 .text.__sfputs_r
                0x0800a67a       0x24 /opt/st/stm32cubeide_1.17.0/plugins/com.st.stm32cube.ide.mcu.externaltools.gnu-tools-for-stm32.12.3.rel1.linux64_1.1.0.202410170702/tools/bin/../lib/gcc/arm-none-eabi/12.3.1/../../../../arm-none-eabi/lib/thumb/v7e-m+dp/hard/libc_nano.a(libc_a-nano-vfprintf.o)
                0x0800a67a                __sfputs_r
 *fill*         0x0800a69e        0x2 
 .text._vfprintf_r
                0x0800a6a0      0x230 /opt/st/stm32cubeide_1.17.0/plugins/com.st.stm32cube.ide.mcu.externaltools.gnu-tools-for-stm32.12.3.rel1.linux64_1.1.0.202410170702/tools/bin/../lib/gcc/arm-none-eabi/12.3.1/../../../../arm-none-eabi/lib/thumb/v7e-m+dp/hard/libc_nano.a(libc_a-nano-vfprintf.o)
                0x0800a6a0                _vfiprintf_r
                0x0800a6a0                _vfprintf_r
 .text.__sflush_r
                0x0800a8d0      0x108 /opt/st/stm32cubeide_1.17.0/plugins/com.st.stm32cube.ide.mcu.externaltools.gnu-tools-for-stm32.12.3.rel1.linux64_1.1.0.202410170702/tools/bin/../lib/gcc/arm-none-eabi/12.3.1/../../../../arm-none-eabi/lib/thumb/v7e-m+dp/hard/libc_nano.a(libc_a-fflush.o)
                0x0800a8d0                __sflush_r
 .text._fflush_r
                0x0800a9d8       0x50 /opt/st/stm32cubeide_1.17.0/plugins/com.st.stm32cube.ide.mcu.externaltools.gnu-tools-for-stm32.12.3.rel1.linux64_1.1.0.202410170702/tools/bin/../lib/gcc/arm-none-eabi/12.3.1/../../../../arm-none-eabi/lib/thumb/v7e-m+dp/hard/libc_nano.a(libc_a-fflush.o)
                0x0800a9d8                _fflush_r
 .text.__swhatbuf_r
                0x0800aa28       0x4c /opt/st/stm32cubeide_1.17.0/plugins/com.st.stm32cube.ide.mcu.externaltools.gnu-tools-for-stm32.12.3.rel1.linux64_1.1.0.202410170702/tools/bin/../lib/gcc/arm-none-eabi/12.3.1/../../../../arm-none-eabi/lib/thumb/v7e-m+dp/hard/libc_nano.a(libc_a-makebuf.o)
                0x0800aa28                __swhatbuf_r
 .text.__smakebuf_r
                0x0800aa74       0x78 /opt/st/stm32cubeide_1.17.0/plugins/com.st.stm32cube.ide.mcu.externaltools.gnu-tools-for-stm32.12.3.rel1.linux64_1.1.0.202410170702/tools/bin/../lib/gcc/arm-none-eabi/12.3.1/../../../../arm-none-eabi/lib/thumb/v7e-m+dp/hard/libc_nano.a(libc_a-makebuf.o)
                0x0800aa74                __smakebuf_r
 .text._fstat_r
                0x0800aaec       0x24 /opt/st/stm32cubeide_1.17.0/plugins/com.st.stm32cube.ide.mcu.externaltools.gnu-tools-for-stm32.12.3.rel1.linux64_1.1.0.202410170702/tools/bin/../lib/gcc/arm-none-eabi/12.3.1/../../../../arm-none-eabi/lib/thumb/v7e-m+dp/hard/libc_nano.a(libc_a-fstatr.o)
                0x0800aaec                _fstat_r
 .text._isatty_r
                0x0800ab10       0x20 /opt/st/stm32cubeide_1.17.0/plugins/com.st.stm32cube.ide.mcu.externaltools.gnu-tools-for-stm32.12.3.rel1.linux64_1.1.0.202410170702/tools/bin/../lib/gcc/arm-none-eabi/12.3.1/../../../../arm-none-eabi/lib/thumb/v7e-m+dp/hard/libc_nano.a(libc_a-isattyr.o)
                0x0800ab10                _isatty_r
 .text.__assert_func
                0x0800ab30       0x3c /opt/st/stm32cubeide_1.17.0/plugins/com.st.stm32cube.ide.mcu.externaltools.gnu-tools-for-stm32.12.3.rel1.linux64_1.1.0.202410170702/tools/bin/../lib/gcc/arm-none-eabi/12.3.1/../../../../arm-none-eabi/lib/thumb/v7e-m+dp/hard/libc_nano.a(libc_a-assert.o)
                0x0800ab30                __assert_func
 .text._calloc_r
                0x0800ab6c       0x28 /opt/st/stm32cubeide_1.17.0/plugins/com.st.stm32cube.ide.mcu.externaltools.gnu-tools-for-stm32.12.3.rel1.linux64_1.1.0.202410170702/tools/bin/../lib/gcc/arm-none-eabi/12.3.1/../../../../arm-none-eabi/lib/thumb/v7e-m+dp/hard/libc_nano.a(libc_a-callocr.o)
                0x0800ab6c                _calloc_r
 .text.__ascii_mbtowc
                0x0800ab94       0x24 /opt/st/stm32cubeide_1.17.0/plugins/com.st.stm32cube.ide.mcu.externaltools.gnu-tools-for-stm32.12.3.rel1.linux64_1.1.0.202410170702/tools/bin/../lib/gcc/arm-none-eabi/12.3.1/../../../../arm-none-eabi/lib/thumb/v7e-m+dp/hard/libc_nano.a(libc_a-mbtowc_r.o)
                0x0800ab94                __ascii_mbtowc
 .text.__ascii_wctomb
                0x0800abb8       0x1a /opt/st/stm32cubeide_1.17.0/plugins/com.st.stm32cube.ide.mcu.externaltools.gnu-tools-for-stm32.12.3.rel1.linux64_1.1.0.202410170702/tools/bin/../lib/gcc/arm-none-eabi/12.3.1/../../../../arm-none-eabi/lib/thumb/v7e-m+dp/hard/libc_nano.a(libc_a-wctomb_r.o)
                0x0800abb8                __ascii_wctomb
 *fill*         0x0800abd2        0x2 
 .text.fprintf  0x0800abd4       0x24 /opt/st/stm32cubeide_1.17.0/plugins/com.st.stm32cube.ide.mcu.externaltools.gnu-tools-for-stm32.12.3.rel1.linux64_1.1.0.202410170702/tools/bin/../lib/gcc/arm-none-eabi/12.3.1/../../../../arm-none-eabi/lib/thumb/v7e-m+dp/hard/libc_nano.a(libc_a-fprintf.o)
                0x0800abd4                fprintf
                0x0800abd4                fiprintf
 .text.abort    0x0800abf8        0xe /opt/st/stm32cubeide_1.17.0/plugins/com.st.stm32cube.ide.mcu.externaltools.gnu-tools-for-stm32.12.3.rel1.linux64_1.1.0.202410170702/tools/bin/../lib/gcc/arm-none-eabi/12.3.1/../../../../arm-none-eabi/lib/thumb/v7e-m+dp/hard/libc_nano.a(libc_a-abort.o)
                0x0800abf8                abort
 .text._raise_r
                0x0800ac06       0x50 /opt/st/stm32cubeide_1.17.0/plugins/com.st.stm32cube.ide.mcu.externaltools.gnu-tools-for-stm32.12.3.rel1.linux64_1.1.0.202410170702/tools/bin/../lib/gcc/arm-none-eabi/12.3.1/../../../../arm-none-eabi/lib/thumb/v7e-m+dp/hard/libc_nano.a(libc_a-signal.o)
                0x0800ac06                _raise_r
 *fill*         0x0800ac56        0x2 
 .text.raise    0x0800ac58       0x10 /opt/st/stm32cubeide_1.17.0/plugins/com.st.stm32cube.ide.mcu.externaltools.gnu-tools-for-stm32.12.3.rel1.linux64_1.1.0.202410170702/tools/bin/../lib/gcc/arm-none-eabi/12.3.1/../../../../arm-none-eabi/lib/thumb/v7e-m+dp/hard/libc_nano.a(libc_a-signal.o)
                0x0800ac58                raise
 .text._kill_r  0x0800ac68       0x24 /opt/st/stm32cubeide_1.17.0/plugins/com.st.stm32cube.ide.mcu.externaltools.gnu-tools-for-stm32.12.3.rel1.linux64_1.1.0.202410170702/tools/bin/../lib/gcc/arm-none-eabi/12.3.1/../../../../arm-none-eabi/lib/thumb/v7e-m+dp/hard/libc_nano.a(libc_a-signalr.o)
                0x0800ac68                _kill_r
 .text._getpid_r
                0x0800ac8c        0x4 /opt/st/stm32cubeide_1.17.0/plugins/com.st.stm32cube.ide.mcu.externaltools.gnu-tools-for-stm32.12.3.rel1.linux64_1.1.0.202410170702/tools/bin/../lib/gcc/arm-none-eabi/12.3.1/../../../../arm-none-eabi/lib/thumb/v7e-m+dp/hard/libc_nano.a(libc_a-signalr.o)
                0x0800ac8c                _getpid_r
 *(.glue_7)
 .glue_7        0x0800ac90        0x0 linker stubs
 *(.glue_7t)
 .glue_7t       0x0800ac90        0x0 linker stubs
 *(.eh_frame)
 .eh_frame      0x0800ac90        0x0 /opt/st/stm32cubeide_1.17.0/plugins/com.st.stm32cube.ide.mcu.externaltools.gnu-tools-for-stm32.12.3.rel1.linux64_1.1.0.202410170702/tools/bin/../lib/gcc/arm-none-eabi/12.3.1/thumb/v7e-m+dp/hard/crtbegin.o
 *(.init)
 .init          0x0800ac90        0x4 /opt/st/stm32cubeide_1.17.0/plugins/com.st.stm32cube.ide.mcu.externaltools.gnu-tools-for-stm32.12.3.rel1.linux64_1.1.0.202410170702/tools/bin/../lib/gcc/arm-none-eabi/12.3.1/thumb/v7e-m+dp/hard/crti.o
                0x0800ac90                _init
 .init          0x0800ac94        0x8 /opt/st/stm32cubeide_1.17.0/plugins/com.st.stm32cube.ide.mcu.externaltools.gnu-tools-for-stm32.12.3.rel1.linux64_1.1.0.202410170702/tools/bin/../lib/gcc/arm-none-eabi/12.3.1/thumb/v7e-m+dp/hard/crtn.o
 *(.fini)
 .fini          0x0800ac9c        0x4 /opt/st/stm32cubeide_1.17.0/plugins/com.st.stm32cube.ide.mcu.externaltools.gnu-tools-for-stm32.12.3.rel1.linux64_1.1.0.202410170702/tools/bin/../lib/gcc/arm-none-eabi/12.3.1/thumb/v7e-m+dp/hard/crti.o
                0x0800ac9c                _fini
 .fini          0x0800aca0        0x8 /opt/st/stm32cubeide_1.17.0/plugins/com.st.stm32cube.ide.mcu.externaltools.gnu-tools-for-stm32.12.3.rel1.linux64_1.1.0.202410170702/tools/bin/../lib/gcc/arm-none-eabi/12.3.1/thumb/v7e-m+dp/hard/crtn.o
                0x0800aca8                        . = ALIGN (0x4)
                0x0800aca8                        _etext = .

.vfp11_veneer   0x0800aca8        0x0
 .vfp11_veneer  0x0800aca8        0x0 linker stubs

.v4_bx          0x0800aca8        0x0
 .v4_bx         0x0800aca8        0x0 linker stubs

.iplt           0x0800aca8        0x0
 .iplt          0x0800aca8        0x0 /opt/st/stm32cubeide_1.17.0/plugins/com.st.stm32cube.ide.mcu.externaltools.gnu-tools-for-stm32.12.3.rel1.linux64_1.1.0.202410170702/tools/bin/../lib/gcc/arm-none-eabi/12.3.1/thumb/v7e-m+dp/hard/crtbegin.o

.rodata         0x0800aca8      0x5b0
                0x0800aca8                        . = ALIGN (0x4)
 *(.rodata)
 .rodata        0x0800aca8      0x10d ./Core/Src/main.o
 *fill*         0x0800adb5        0x3 
 .rodata        0x0800adb8       0xf7 ./Core/Src/ms8607_pth.o
 *(.rodata*)
 *fill*         0x0800aeaf        0x1 
 .rodata.D1CorePrescTable
                0x0800aeb0       0x10 ./Core/Src/system_stm32h7xx.o
                0x0800aeb0                D1CorePrescTable
 .rodata.UARTPrescTable
                0x0800aec0       0x18 ./Drivers/STM32H7xx_HAL_Driver/Src/stm32h7xx_hal_uart.o
                0x0800aec0                UARTPrescTable
 .rodata.numerator.1
                0x0800aed8        0x8 ./Drivers/STM32H7xx_HAL_Driver/Src/stm32h7xx_hal_uart_ex.o
 .rodata.denominator.0
                0x0800aee0        0x8 ./Drivers/STM32H7xx_HAL_Driver/Src/stm32h7xx_hal_uart_ex.o
 .rodata._printf_float.str1.1
                0x0800aee8       0x12 /opt/st/stm32cubeide_1.17.0/plugins/com.st.stm32cube.ide.mcu.externaltools.gnu-tools-for-stm32.12.3.rel1.linux64_1.1.0.202410170702/tools/bin/../lib/gcc/arm-none-eabi/12.3.1/../../../../arm-none-eabi/lib/thumb/v7e-m+dp/hard/libc_nano.a(libc_a-nano-vfprintf_float.o)
 .rodata._printf_i.str1.1
                0x0800aefa       0x22 /opt/st/stm32cubeide_1.17.0/plugins/com.st.stm32cube.ide.mcu.externaltools.gnu-tools-for-stm32.12.3.rel1.linux64_1.1.0.202410170702/tools/bin/../lib/gcc/arm-none-eabi/12.3.1/../../../../arm-none-eabi/lib/thumb/v7e-m+dp/hard/libc_nano.a(libc_a-nano-vfprintf_i.o)
 .rodata._dtoa_r.str1.1
                0x0800af1c       0x8d /opt/st/stm32cubeide_1.17.0/plugins/com.st.stm32cube.ide.mcu.externaltools.gnu-tools-for-stm32.12.3.rel1.linux64_1.1.0.202410170702/tools/bin/../lib/gcc/arm-none-eabi/12.3.1/../../../../arm-none-eabi/lib/thumb/v7e-m+dp/hard/libc_nano.a(libc_a-dtoa.o)
                                 0x8f (size before relaxing)
 .rodata._Balloc.str1.1
                0x0800afa9       0x59 /opt/st/stm32cubeide_1.17.0/plugins/com.st.stm32cube.ide.mcu.externaltools.gnu-tools-for-stm32.12.3.rel1.linux64_1.1.0.202410170702/tools/bin/../lib/gcc/arm-none-eabi/12.3.1/../../../../arm-none-eabi/lib/thumb/v7e-m+dp/hard/libc_nano.a(libc_a-mprec.o)
                                 0x70 (size before relaxing)
 .rodata.__multadd.str1.1
                0x0800b002       0x11 /opt/st/stm32cubeide_1.17.0/plugins/com.st.stm32cube.ide.mcu.externaltools.gnu-tools-for-stm32.12.3.rel1.linux64_1.1.0.202410170702/tools/bin/../lib/gcc/arm-none-eabi/12.3.1/../../../../arm-none-eabi/lib/thumb/v7e-m+dp/hard/libc_nano.a(libc_a-mprec.o)
 *fill*         0x0800b002        0x2 
 .rodata.p05.0  0x0800b004        0xc /opt/st/stm32cubeide_1.17.0/plugins/com.st.stm32cube.ide.mcu.externaltools.gnu-tools-for-stm32.12.3.rel1.linux64_1.1.0.202410170702/tools/bin/../lib/gcc/arm-none-eabi/12.3.1/../../../../arm-none-eabi/lib/thumb/v7e-m+dp/hard/libc_nano.a(libc_a-mprec.o)
 .rodata.__mprec_bigtens
                0x0800b010       0x28 /opt/st/stm32cubeide_1.17.0/plugins/com.st.stm32cube.ide.mcu.externaltools.gnu-tools-for-stm32.12.3.rel1.linux64_1.1.0.202410170702/tools/bin/../lib/gcc/arm-none-eabi/12.3.1/../../../../arm-none-eabi/lib/thumb/v7e-m+dp/hard/libc_nano.a(libc_a-mprec.o)
                0x0800b010                __mprec_bigtens
 .rodata.__mprec_tens
                0x0800b038       0xc8 /opt/st/stm32cubeide_1.17.0/plugins/com.st.stm32cube.ide.mcu.externaltools.gnu-tools-for-stm32.12.3.rel1.linux64_1.1.0.202410170702/tools/bin/../lib/gcc/arm-none-eabi/12.3.1/../../../../arm-none-eabi/lib/thumb/v7e-m+dp/hard/libc_nano.a(libc_a-mprec.o)
                0x0800b038                __mprec_tens
 .rodata._vfprintf_r.str1.1
                0x0800b100       0x11 /opt/st/stm32cubeide_1.17.0/plugins/com.st.stm32cube.ide.mcu.externaltools.gnu-tools-for-stm32.12.3.rel1.linux64_1.1.0.202410170702/tools/bin/../lib/gcc/arm-none-eabi/12.3.1/../../../../arm-none-eabi/lib/thumb/v7e-m+dp/hard/libc_nano.a(libc_a-nano-vfprintf.o)
 .rodata._setlocale_r.str1.1
                0x0800b111        0x8 /opt/st/stm32cubeide_1.17.0/plugins/com.st.stm32cube.ide.mcu.externaltools.gnu-tools-for-stm32.12.3.rel1.linux64_1.1.0.202410170702/tools/bin/../lib/gcc/arm-none-eabi/12.3.1/../../../../arm-none-eabi/lib/thumb/v7e-m+dp/hard/libc_nano.a(libc_a-locale.o)
                                  0x9 (size before relaxing)
 .rodata.str1.1
                0x0800b119        0x2 /opt/st/stm32cubeide_1.17.0/plugins/com.st.stm32cube.ide.mcu.externaltools.gnu-tools-for-stm32.12.3.rel1.linux64_1.1.0.202410170702/tools/bin/../lib/gcc/arm-none-eabi/12.3.1/../../../../arm-none-eabi/lib/thumb/v7e-m+dp/hard/libc_nano.a(libc_a-locale.o)
 .rodata.__assert_func.str1.1
                0x0800b11b       0x3c /opt/st/stm32cubeide_1.17.0/plugins/com.st.stm32cube.ide.mcu.externaltools.gnu-tools-for-stm32.12.3.rel1.linux64_1.1.0.202410170702/tools/bin/../lib/gcc/arm-none-eabi/12.3.1/../../../../arm-none-eabi/lib/thumb/v7e-m+dp/hard/libc_nano.a(libc_a-assert.o)
                                 0x3d (size before relaxing)
 .rodata._ctype_
                0x0800b157      0x101 /opt/st/stm32cubeide_1.17.0/plugins/com.st.stm32cube.ide.mcu.externaltools.gnu-tools-for-stm32.12.3.rel1.linux64_1.1.0.202410170702/tools/bin/../lib/gcc/arm-none-eabi/12.3.1/../../../../arm-none-eabi/lib/thumb/v7e-m+dp/hard/libc_nano.a(libc_a-ctype_.o)
                0x0800b157                _ctype_
                0x0800b258                        . = ALIGN (0x4)

.ARM.extab
 *(.ARM.extab* .gnu.linkonce.armextab.*)

.ARM            0x0800b258        0x8
                0x0800b258                        __exidx_start = .
 *(.ARM.exidx*)
 .ARM.exidx     0x0800b258        0x8 /opt/st/stm32cubeide_1.17.0/plugins/com.st.stm32cube.ide.mcu.externaltools.gnu-tools-for-stm32.12.3.rel1.linux64_1.1.0.202410170702/tools/bin/../lib/gcc/arm-none-eabi/12.3.1/../../../../arm-none-eabi/lib/thumb/v7e-m+dp/hard/libc_nano.a(libc_a-memchr.o)
 .ARM.exidx     0x0800b260        0x0 /opt/st/stm32cubeide_1.17.0/plugins/com.st.stm32cube.ide.mcu.externaltools.gnu-tools-for-stm32.12.3.rel1.linux64_1.1.0.202410170702/tools/bin/../lib/gcc/arm-none-eabi/12.3.1/../../../../arm-none-eabi/lib/thumb/v7e-m+dp/hard/libc_nano.a(libc_a-strlen.o)
                                  0x8 (size before relaxing)
 .ARM.exidx     0x0800b260        0x0 /opt/st/stm32cubeide_1.17.0/plugins/com.st.stm32cube.ide.mcu.externaltools.gnu-tools-for-stm32.12.3.rel1.linux64_1.1.0.202410170702/tools/bin/../lib/gcc/arm-none-eabi/12.3.1/thumb/v7e-m+dp/hard/libgcc.a(_udivmoddi4.o)
                                  0x8 (size before relaxing)
                0x0800b260                        __exidx_end = .

.preinit_array  0x0800b260        0x0
                0x0800b260                        PROVIDE (__preinit_array_start = .)
 *(.preinit_array*)
                0x0800b260                        PROVIDE (__preinit_array_end = .)

.init_array     0x0800b260        0x4
                0x0800b260                        PROVIDE (__init_array_start = .)
 *(SORT_BY_NAME(.init_array.*))
 *(.init_array*)
 .init_array    0x0800b260        0x4 /opt/st/stm32cubeide_1.17.0/plugins/com.st.stm32cube.ide.mcu.externaltools.gnu-tools-for-stm32.12.3.rel1.linux64_1.1.0.202410170702/tools/bin/../lib/gcc/arm-none-eabi/12.3.1/thumb/v7e-m+dp/hard/crtbegin.o
                0x0800b264                        PROVIDE (__init_array_end = .)

.fini_array     0x0800b264        0x4
                [!provide]                        PROVIDE (__fini_array_start = .)
 *(SORT_BY_NAME(.fini_array.*))
 *(.fini_array*)
 .fini_array    0x0800b264        0x4 /opt/st/stm32cubeide_1.17.0/plugins/com.st.stm32cube.ide.mcu.externaltools.gnu-tools-for-stm32.12.3.rel1.linux64_1.1.0.202410170702/tools/bin/../lib/gcc/arm-none-eabi/12.3.1/thumb/v7e-m+dp/hard/crtbegin.o
                [!provide]                        PROVIDE (__fini_array_end = .)
                0x0800b268                        _sidata = LOADADDR (.data)

.rel.dyn        0x0800b268        0x0
 .rel.iplt      0x0800b268        0x0 /opt/st/stm32cubeide_1.17.0/plugins/com.st.stm32cube.ide.mcu.externaltools.gnu-tools-for-stm32.12.3.rel1.linux64_1.1.0.202410170702/tools/bin/../lib/gcc/arm-none-eabi/12.3.1/thumb/v7e-m+dp/hard/crtbegin.o

.data           0x24000000      0x1d8 load address 0x0800b268
                0x24000000                        . = ALIGN (0x4)
                0x24000000                        _sdata = .
 *(.data)
 *(.data*)
 .data.SystemCoreClock
                0x24000000        0x4 ./Core/Src/system_stm32h7xx.o
                0x24000000                SystemCoreClock
 .data.SystemD2Clock
                0x24000004        0x4 ./Core/Src/system_stm32h7xx.o
                0x24000004                SystemD2Clock
 .data.uwTickPrio
                0x24000008        0x4 ./Drivers/STM32H7xx_HAL_Driver/Src/stm32h7xx_hal.o
                0x24000008                uwTickPrio
 .data.uwTickFreq
                0x2400000c        0x1 ./Drivers/STM32H7xx_HAL_Driver/Src/stm32h7xx_hal.o
                0x2400000c                uwTickFreq
 *fill*         0x2400000d        0x3 
 .data.__sglue  0x24000010        0xc /opt/st/stm32cubeide_1.17.0/plugins/com.st.stm32cube.ide.mcu.externaltools.gnu-tools-for-stm32.12.3.rel1.linux64_1.1.0.202410170702/tools/bin/../lib/gcc/arm-none-eabi/12.3.1/../../../../arm-none-eabi/lib/thumb/v7e-m+dp/hard/libc_nano.a(libc_a-findfp.o)
                0x24000010                __sglue
 .data._impure_ptr
                0x2400001c        0x4 /opt/st/stm32cubeide_1.17.0/plugins/com.st.stm32cube.ide.mcu.externaltools.gnu-tools-for-stm32.12.3.rel1.linux64_1.1.0.202410170702/tools/bin/../lib/gcc/arm-none-eabi/12.3.1/../../../../arm-none-eabi/lib/thumb/v7e-m+dp/hard/libc_nano.a(libc_a-impure.o)
                0x2400001c                _impure_ptr
 .data._impure_data
                0x24000020       0x4c /opt/st/stm32cubeide_1.17.0/plugins/com.st.stm32cube.ide.mcu.externaltools.gnu-tools-for-stm32.12.3.rel1.linux64_1.1.0.202410170702/tools/bin/../lib/gcc/arm-none-eabi/12.3.1/../../../../arm-none-eabi/lib/thumb/v7e-m+dp/hard/libc_nano.a(libc_a-impure.o)
                0x24000020                _impure_data
 .data.__global_locale
                0x2400006c      0x16c /opt/st/stm32cubeide_1.17.0/plugins/com.st.stm32cube.ide.mcu.externaltools.gnu-tools-for-stm32.12.3.rel1.linux64_1.1.0.202410170702/tools/bin/../lib/gcc/arm-none-eabi/12.3.1/../../../../arm-none-eabi/lib/thumb/v7e-m+dp/hard/libc_nano.a(libc_a-locale.o)
                0x2400006c                __global_locale
 *(.RamFunc)
 *(.RamFunc*)
                0x240001d8                        . = ALIGN (0x4)
                0x240001d8                        _edata = .

.igot.plt       0x240001d8        0x0 load address 0x0800b440
 .igot.plt      0x240001d8        0x0 /opt/st/stm32cubeide_1.17.0/plugins/com.st.stm32cube.ide.mcu.externaltools.gnu-tools-for-stm32.12.3.rel1.linux64_1.1.0.202410170702/tools/bin/../lib/gcc/arm-none-eabi/12.3.1/thumb/v7e-m+dp/hard/crtbegin.o
                0x240001d8                        . = ALIGN (0x4)

.bss            0x240001d8      0x824 load address 0x0800b440
                0x240001d8                        _sbss = .
                0x240001d8                        __bss_start__ = _sbss
 *(.bss)
 .bss           0x240001d8       0x1c /opt/st/stm32cubeide_1.17.0/plugins/com.st.stm32cube.ide.mcu.externaltools.gnu-tools-for-stm32.12.3.rel1.linux64_1.1.0.202410170702/tools/bin/../lib/gcc/arm-none-eabi/12.3.1/thumb/v7e-m+dp/hard/crtbegin.o
 *(.bss*)
 *fill*         0x240001f4        0x4 
 .bss.ic3       0x240001f8      0x390 ./Core/Src/main.o
                0x240001f8                ic3
 .bss.hi2c3     0x24000588       0x54 ./Core/Src/main.o
                0x24000588                hi2c3
 .bss.hspi5     0x240005dc       0x88 ./Core/Src/main.o
                0x240005dc                hspi5
 .bss.huart8    0x24000664       0x94 ./Core/Src/main.o
                0x24000664                huart8
 .bss.data      0x240006f8      0x1a0 ./Core/Src/main.o
                0x240006f8                data
 .bss.calib     0x24000898        0xe ./Core/Src/ms8607_pth.o
                0x24000898                calib
 *fill*         0x240008a6        0x2 
 .bss.__sbrk_heap_end
                0x240008a8        0x4 ./Core/Src/sysmem.o
 .bss.uwTick    0x240008ac        0x4 ./Drivers/STM32H7xx_HAL_Driver/Src/stm32h7xx_hal.o
                0x240008ac                uwTick
 .bss.__malloc_sbrk_start
                0x240008b0        0x4 /opt/st/stm32cubeide_1.17.0/plugins/com.st.stm32cube.ide.mcu.externaltools.gnu-tools-for-stm32.12.3.rel1.linux64_1.1.0.202410170702/tools/bin/../lib/gcc/arm-none-eabi/12.3.1/../../../../arm-none-eabi/lib/thumb/v7e-m+dp/hard/libc_nano.a(libc_a-mallocr.o)
                0x240008b0                __malloc_sbrk_start
 .bss.__malloc_free_list
                0x240008b4        0x4 /opt/st/stm32cubeide_1.17.0/plugins/com.st.stm32cube.ide.mcu.externaltools.gnu-tools-for-stm32.12.3.rel1.linux64_1.1.0.202410170702/tools/bin/../lib/gcc/arm-none-eabi/12.3.1/../../../../arm-none-eabi/lib/thumb/v7e-m+dp/hard/libc_nano.a(libc_a-mallocr.o)
                0x240008b4                __malloc_free_list
 .bss.__sf      0x240008b8      0x138 /opt/st/stm32cubeide_1.17.0/plugins/com.st.stm32cube.ide.mcu.externaltools.gnu-tools-for-stm32.12.3.rel1.linux64_1.1.0.202410170702/tools/bin/../lib/gcc/arm-none-eabi/12.3.1/../../../../arm-none-eabi/lib/thumb/v7e-m+dp/hard/libc_nano.a(libc_a-findfp.o)
                0x240008b8                __sf
 .bss.__stdio_exit_handler
                0x240009f0        0x4 /opt/st/stm32cubeide_1.17.0/plugins/com.st.stm32cube.ide.mcu.externaltools.gnu-tools-for-stm32.12.3.rel1.linux64_1.1.0.202410170702/tools/bin/../lib/gcc/arm-none-eabi/12.3.1/../../../../arm-none-eabi/lib/thumb/v7e-m+dp/hard/libc_nano.a(libc_a-findfp.o)
                0x240009f0                __stdio_exit_handler
 .bss.errno     0x240009f4        0x4 /opt/st/stm32cubeide_1.17.0/plugins/com.st.stm32cube.ide.mcu.externaltools.gnu-tools-for-stm32.12.3.rel1.linux64_1.1.0.202410170702/tools/bin/../lib/gcc/arm-none-eabi/12.3.1/../../../../arm-none-eabi/lib/thumb/v7e-m+dp/hard/libc_nano.a(libc_a-reent.o)
                0x240009f4                errno
 .bss.__lock___malloc_recursive_mutex
                0x240009f8        0x1 /opt/st/stm32cubeide_1.17.0/plugins/com.st.stm32cube.ide.mcu.externaltools.gnu-tools-for-stm32.12.3.rel1.linux64_1.1.0.202410170702/tools/bin/../lib/gcc/arm-none-eabi/12.3.1/../../../../arm-none-eabi/lib/thumb/v7e-m+dp/hard/libc_nano.a(libc_a-lock.o)
                0x240009f8                __lock___malloc_recursive_mutex
 .bss.__lock___sfp_recursive_mutex
                0x240009f9        0x1 /opt/st/stm32cubeide_1.17.0/plugins/com.st.stm32cube.ide.mcu.externaltools.gnu-tools-for-stm32.12.3.rel1.linux64_1.1.0.202410170702/tools/bin/../lib/gcc/arm-none-eabi/12.3.1/../../../../arm-none-eabi/lib/thumb/v7e-m+dp/hard/libc_nano.a(libc_a-lock.o)
                0x240009f9                __lock___sfp_recursive_mutex
 *(COMMON)
                0x240009fc                        . = ALIGN (0x4)
 *fill*         0x240009fa        0x2 
                0x240009fc                        _ebss = .
                0x240009fc                        __bss_end__ = _ebss

._user_heap_stack
                0x240009fc      0x604 load address 0x0800b440
                0x24000a00                        . = ALIGN (0x8)
 *fill*         0x240009fc        0x4 
                [!provide]                        PROVIDE (end = .)
                0x24000a00                        PROVIDE (_end = .)
                0x24000c00                        . = (. + _Min_Heap_Size)
 *fill*         0x24000a00      0x200 
                0x24001000                        . = (. + _Min_Stack_Size)
 *fill*         0x24000c00      0x400 
                0x24001000                        . = ALIGN (0x8)

/DISCARD/
 libc.a(*)
 libm.a(*)
 libgcc.a(*)

.ARM.attributes
                0x00000000       0x2e
 *(.ARM.attributes)
 .ARM.attributes
                0x00000000       0x20 /opt/st/stm32cubeide_1.17.0/plugins/com.st.stm32cube.ide.mcu.externaltools.gnu-tools-for-stm32.12.3.rel1.linux64_1.1.0.202410170702/tools/bin/../lib/gcc/arm-none-eabi/12.3.1/thumb/v7e-m+dp/hard/crti.o
 .ARM.attributes
                0x00000020       0x32 /opt/st/stm32cubeide_1.17.0/plugins/com.st.stm32cube.ide.mcu.externaltools.gnu-tools-for-stm32.12.3.rel1.linux64_1.1.0.202410170702/tools/bin/../lib/gcc/arm-none-eabi/12.3.1/thumb/v7e-m+dp/hard/crtbegin.o
 .ARM.attributes
                0x00000052       0x32 ./Core/Src/apds9250_light.o
 .ARM.attributes
                0x00000084       0x32 ./Core/Src/main.o
 .ARM.attributes
                0x000000b6       0x32 ./Core/Src/max1704x_fuel_gauge.o
 .ARM.attributes
                0x000000e8       0x32 ./Core/Src/ms8607_pth.o
 .ARM.attributes
                0x0000011a       0x32 ./Core/Src/stm32h7xx_hal_msp.o
 .ARM.attributes
                0x0000014c       0x32 ./Core/Src/stm32h7xx_it.o
 .ARM.attributes
                0x0000017e       0x32 ./Core/Src/syscalls.o
 .ARM.attributes
                0x000001b0       0x32 ./Core/Src/sysmem.o
 .ARM.attributes
                0x000001e2       0x32 ./Core/Src/system_stm32h7xx.o
 .ARM.attributes
                0x00000214       0x21 ./Core/Startup/startup_stm32h743xihx.o
 .ARM.attributes
                0x00000235       0x32 ./Drivers/STM32H7xx_HAL_Driver/Src/stm32h7xx_hal.o
 .ARM.attributes
                0x00000267       0x32 ./Drivers/STM32H7xx_HAL_Driver/Src/stm32h7xx_hal_cortex.o
 .ARM.attributes
                0x00000299       0x32 ./Drivers/STM32H7xx_HAL_Driver/Src/stm32h7xx_hal_gpio.o
 .ARM.attributes
                0x000002cb       0x32 ./Drivers/STM32H7xx_HAL_Driver/Src/stm32h7xx_hal_i2c.o
 .ARM.attributes
                0x000002fd       0x32 ./Drivers/STM32H7xx_HAL_Driver/Src/stm32h7xx_hal_i2c_ex.o
 .ARM.attributes
                0x0000032f       0x32 ./Drivers/STM32H7xx_HAL_Driver/Src/stm32h7xx_hal_pwr_ex.o
 .ARM.attributes
                0x00000361       0x32 ./Drivers/STM32H7xx_HAL_Driver/Src/stm32h7xx_hal_rcc.o
 .ARM.attributes
                0x00000393       0x32 ./Drivers/STM32H7xx_HAL_Driver/Src/stm32h7xx_hal_rcc_ex.o
 .ARM.attributes
                0x000003c5       0x32 ./Drivers/STM32H7xx_HAL_Driver/Src/stm32h7xx_hal_spi.o
 .ARM.attributes
                0x000003f7       0x32 ./Drivers/STM32H7xx_HAL_Driver/Src/stm32h7xx_hal_uart.o
 .ARM.attributes
                0x00000429       0x32 ./Drivers/STM32H7xx_HAL_Driver/Src/stm32h7xx_hal_uart_ex.o
 .ARM.attributes
                0x0000045b       0x32 /opt/st/stm32cubeide_1.17.0/plugins/com.st.stm32cube.ide.mcu.externaltools.gnu-tools-for-stm32.12.3.rel1.linux64_1.1.0.202410170702/tools/bin/../lib/gcc/arm-none-eabi/12.3.1/../../../../arm-none-eabi/lib/thumb/v7e-m+dp/hard/libc_nano.a(libc_a-malloc.o)
 .ARM.attributes
                0x0000048d       0x32 /opt/st/stm32cubeide_1.17.0/plugins/com.st.stm32cube.ide.mcu.externaltools.gnu-tools-for-stm32.12.3.rel1.linux64_1.1.0.202410170702/tools/bin/../lib/gcc/arm-none-eabi/12.3.1/../../../../arm-none-eabi/lib/thumb/v7e-m+dp/hard/libc_nano.a(libc_a-mallocr.o)
 .ARM.attributes
                0x000004bf       0x32 /opt/st/stm32cubeide_1.17.0/plugins/com.st.stm32cube.ide.mcu.externaltools.gnu-tools-for-stm32.12.3.rel1.linux64_1.1.0.202410170702/tools/bin/../lib/gcc/arm-none-eabi/12.3.1/../../../../arm-none-eabi/lib/thumb/v7e-m+dp/hard/libc_nano.a(libc_a-mlock.o)
 .ARM.attributes
                0x000004f1       0x32 /opt/st/stm32cubeide_1.17.0/plugins/com.st.stm32cube.ide.mcu.externaltools.gnu-tools-for-stm32.12.3.rel1.linux64_1.1.0.202410170702/tools/bin/../lib/gcc/arm-none-eabi/12.3.1/../../../../arm-none-eabi/lib/thumb/v7e-m+dp/hard/libc_nano.a(libc_a-nano-vfprintf_float.o)
 .ARM.attributes
                0x00000523       0x32 /opt/st/stm32cubeide_1.17.0/plugins/com.st.stm32cube.ide.mcu.externaltools.gnu-tools-for-stm32.12.3.rel1.linux64_1.1.0.202410170702/tools/bin/../lib/gcc/arm-none-eabi/12.3.1/../../../../arm-none-eabi/lib/thumb/v7e-m+dp/hard/libc_nano.a(libc_a-nano-vfprintf_i.o)
 .ARM.attributes
                0x00000555       0x32 /opt/st/stm32cubeide_1.17.0/plugins/com.st.stm32cube.ide.mcu.externaltools.gnu-tools-for-stm32.12.3.rel1.linux64_1.1.0.202410170702/tools/bin/../lib/gcc/arm-none-eabi/12.3.1/../../../../arm-none-eabi/lib/thumb/v7e-m+dp/hard/libc_nano.a(libc_a-findfp.o)
 .ARM.attributes
                0x00000587       0x32 /opt/st/stm32cubeide_1.17.0/plugins/com.st.stm32cube.ide.mcu.externaltools.gnu-tools-for-stm32.12.3.rel1.linux64_1.1.0.202410170702/tools/bin/../lib/gcc/arm-none-eabi/12.3.1/../../../../arm-none-eabi/lib/thumb/v7e-m+dp/hard/libc_nano.a(libc_a-fwalk.o)
 .ARM.attributes
                0x000005b9       0x32 /opt/st/stm32cubeide_1.17.0/plugins/com.st.stm32cube.ide.mcu.externaltools.gnu-tools-for-stm32.12.3.rel1.linux64_1.1.0.202410170702/tools/bin/../lib/gcc/arm-none-eabi/12.3.1/../../../../arm-none-eabi/lib/thumb/v7e-m+dp/hard/libc_nano.a(libc_a-printf.o)
 .ARM.attributes
                0x000005eb       0x32 /opt/st/stm32cubeide_1.17.0/plugins/com.st.stm32cube.ide.mcu.externaltools.gnu-tools-for-stm32.12.3.rel1.linux64_1.1.0.202410170702/tools/bin/../lib/gcc/arm-none-eabi/12.3.1/../../../../arm-none-eabi/lib/thumb/v7e-m+dp/hard/libc_nano.a(libc_a-puts.o)
 .ARM.attributes
                0x0000061d       0x32 /opt/st/stm32cubeide_1.17.0/plugins/com.st.stm32cube.ide.mcu.externaltools.gnu-tools-for-stm32.12.3.rel1.linux64_1.1.0.202410170702/tools/bin/../lib/gcc/arm-none-eabi/12.3.1/../../../../arm-none-eabi/lib/thumb/v7e-m+dp/hard/libc_nano.a(libc_a-stdio.o)
 .ARM.attributes
                0x0000064f       0x32 /opt/st/stm32cubeide_1.17.0/plugins/com.st.stm32cube.ide.mcu.externaltools.gnu-tools-for-stm32.12.3.rel1.linux64_1.1.0.202410170702/tools/bin/../lib/gcc/arm-none-eabi/12.3.1/../../../../arm-none-eabi/lib/thumb/v7e-m+dp/hard/libc_nano.a(libc_a-wbuf.o)
 .ARM.attributes
                0x00000681       0x32 /opt/st/stm32cubeide_1.17.0/plugins/com.st.stm32cube.ide.mcu.externaltools.gnu-tools-for-stm32.12.3.rel1.linux64_1.1.0.202410170702/tools/bin/../lib/gcc/arm-none-eabi/12.3.1/../../../../arm-none-eabi/lib/thumb/v7e-m+dp/hard/libc_nano.a(libc_a-wsetup.o)
 .ARM.attributes
                0x000006b3       0x32 /opt/st/stm32cubeide_1.17.0/plugins/com.st.stm32cube.ide.mcu.externaltools.gnu-tools-for-stm32.12.3.rel1.linux64_1.1.0.202410170702/tools/bin/../lib/gcc/arm-none-eabi/12.3.1/../../../../arm-none-eabi/lib/thumb/v7e-m+dp/hard/libc_nano.a(libc_a-memset.o)
 .ARM.attributes
                0x000006e5       0x32 /opt/st/stm32cubeide_1.17.0/plugins/com.st.stm32cube.ide.mcu.externaltools.gnu-tools-for-stm32.12.3.rel1.linux64_1.1.0.202410170702/tools/bin/../lib/gcc/arm-none-eabi/12.3.1/../../../../arm-none-eabi/lib/thumb/v7e-m+dp/hard/libc_nano.a(libc_a-localeconv.o)
 .ARM.attributes
                0x00000717       0x32 /opt/st/stm32cubeide_1.17.0/plugins/com.st.stm32cube.ide.mcu.externaltools.gnu-tools-for-stm32.12.3.rel1.linux64_1.1.0.202410170702/tools/bin/../lib/gcc/arm-none-eabi/12.3.1/../../../../arm-none-eabi/lib/thumb/v7e-m+dp/hard/libc_nano.a(libc_a-closer.o)
 .ARM.attributes
                0x00000749       0x32 /opt/st/stm32cubeide_1.17.0/plugins/com.st.stm32cube.ide.mcu.externaltools.gnu-tools-for-stm32.12.3.rel1.linux64_1.1.0.202410170702/tools/bin/../lib/gcc/arm-none-eabi/12.3.1/../../../../arm-none-eabi/lib/thumb/v7e-m+dp/hard/libc_nano.a(libc_a-reent.o)
 .ARM.attributes
                0x0000077b       0x32 /opt/st/stm32cubeide_1.17.0/plugins/com.st.stm32cube.ide.mcu.externaltools.gnu-tools-for-stm32.12.3.rel1.linux64_1.1.0.202410170702/tools/bin/../lib/gcc/arm-none-eabi/12.3.1/../../../../arm-none-eabi/lib/thumb/v7e-m+dp/hard/libc_nano.a(libc_a-impure.o)
 .ARM.attributes
                0x000007ad       0x32 /opt/st/stm32cubeide_1.17.0/plugins/com.st.stm32cube.ide.mcu.externaltools.gnu-tools-for-stm32.12.3.rel1.linux64_1.1.0.202410170702/tools/bin/../lib/gcc/arm-none-eabi/12.3.1/../../../../arm-none-eabi/lib/thumb/v7e-m+dp/hard/libc_nano.a(libc_a-lseekr.o)
 .ARM.attributes
                0x000007df       0x32 /opt/st/stm32cubeide_1.17.0/plugins/com.st.stm32cube.ide.mcu.externaltools.gnu-tools-for-stm32.12.3.rel1.linux64_1.1.0.202410170702/tools/bin/../lib/gcc/arm-none-eabi/12.3.1/../../../../arm-none-eabi/lib/thumb/v7e-m+dp/hard/libc_nano.a(libc_a-readr.o)
 .ARM.attributes
                0x00000811       0x32 /opt/st/stm32cubeide_1.17.0/plugins/com.st.stm32cube.ide.mcu.externaltools.gnu-tools-for-stm32.12.3.rel1.linux64_1.1.0.202410170702/tools/bin/../lib/gcc/arm-none-eabi/12.3.1/../../../../arm-none-eabi/lib/thumb/v7e-m+dp/hard/libc_nano.a(libc_a-sbrkr.o)
 .ARM.attributes
                0x00000843       0x32 /opt/st/stm32cubeide_1.17.0/plugins/com.st.stm32cube.ide.mcu.externaltools.gnu-tools-for-stm32.12.3.rel1.linux64_1.1.0.202410170702/tools/bin/../lib/gcc/arm-none-eabi/12.3.1/../../../../arm-none-eabi/lib/thumb/v7e-m+dp/hard/libc_nano.a(libc_a-writer.o)
 .ARM.attributes
                0x00000875       0x32 /opt/st/stm32cubeide_1.17.0/plugins/com.st.stm32cube.ide.mcu.externaltools.gnu-tools-for-stm32.12.3.rel1.linux64_1.1.0.202410170702/tools/bin/../lib/gcc/arm-none-eabi/12.3.1/../../../../arm-none-eabi/lib/thumb/v7e-m+dp/hard/libc_nano.a(libc_a-errno.o)
 .ARM.attributes
                0x000008a7       0x32 /opt/st/stm32cubeide_1.17.0/plugins/com.st.stm32cube.ide.mcu.externaltools.gnu-tools-for-stm32.12.3.rel1.linux64_1.1.0.202410170702/tools/bin/../lib/gcc/arm-none-eabi/12.3.1/../../../../arm-none-eabi/lib/thumb/v7e-m+dp/hard/libc_nano.a(libc_a-init.o)
 .ARM.attributes
                0x000008d9       0x32 /opt/st/stm32cubeide_1.17.0/plugins/com.st.stm32cube.ide.mcu.externaltools.gnu-tools-for-stm32.12.3.rel1.linux64_1.1.0.202410170702/tools/bin/../lib/gcc/arm-none-eabi/12.3.1/../../../../arm-none-eabi/lib/thumb/v7e-m+dp/hard/libc_nano.a(libc_a-lock.o)
 .ARM.attributes
                0x0000090b       0x1c /opt/st/stm32cubeide_1.17.0/plugins/com.st.stm32cube.ide.mcu.externaltools.gnu-tools-for-stm32.12.3.rel1.linux64_1.1.0.202410170702/tools/bin/../lib/gcc/arm-none-eabi/12.3.1/../../../../arm-none-eabi/lib/thumb/v7e-m+dp/hard/libc_nano.a(libc_a-memchr.o)
 .ARM.attributes
                0x00000927       0x32 /opt/st/stm32cubeide_1.17.0/plugins/com.st.stm32cube.ide.mcu.externaltools.gnu-tools-for-stm32.12.3.rel1.linux64_1.1.0.202410170702/tools/bin/../lib/gcc/arm-none-eabi/12.3.1/../../../../arm-none-eabi/lib/thumb/v7e-m+dp/hard/libc_nano.a(libc_a-memcpy-stub.o)
 .ARM.attributes
                0x00000959       0x17 /opt/st/stm32cubeide_1.17.0/plugins/com.st.stm32cube.ide.mcu.externaltools.gnu-tools-for-stm32.12.3.rel1.linux64_1.1.0.202410170702/tools/bin/../lib/gcc/arm-none-eabi/12.3.1/../../../../arm-none-eabi/lib/thumb/v7e-m+dp/hard/libc_nano.a(libc_a-strlen.o)
 .ARM.attributes
                0x00000970       0x32 /opt/st/stm32cubeide_1.17.0/plugins/com.st.stm32cube.ide.mcu.externaltools.gnu-tools-for-stm32.12.3.rel1.linux64_1.1.0.202410170702/tools/bin/../lib/gcc/arm-none-eabi/12.3.1/../../../../arm-none-eabi/lib/thumb/v7e-m+dp/hard/libc_nano.a(libc_a-dtoa.o)
 .ARM.attributes
                0x000009a2       0x32 /opt/st/stm32cubeide_1.17.0/plugins/com.st.stm32cube.ide.mcu.externaltools.gnu-tools-for-stm32.12.3.rel1.linux64_1.1.0.202410170702/tools/bin/../lib/gcc/arm-none-eabi/12.3.1/../../../../arm-none-eabi/lib/thumb/v7e-m+dp/hard/libc_nano.a(libc_a-freer.o)
 .ARM.attributes
                0x000009d4       0x32 /opt/st/stm32cubeide_1.17.0/plugins/com.st.stm32cube.ide.mcu.externaltools.gnu-tools-for-stm32.12.3.rel1.linux64_1.1.0.202410170702/tools/bin/../lib/gcc/arm-none-eabi/12.3.1/../../../../arm-none-eabi/lib/thumb/v7e-m+dp/hard/libc_nano.a(libc_a-mprec.o)
 .ARM.attributes