../Core/Src/apds9250_light.c:27:6:apds9250_init	32	static
../Core/Src/apds9250_light.c:99:6:apds9250_set_main_ctrl	32	static
../Core/Src/apds9250_light.c:108:9:apds9250_get_main_ctrl	32	static
../Core/Src/apds9250_light.c:119:6:apds9250_set_meas_rate	32	static
../Core/Src/apds9250_light.c:128:9:apds9250_get_meas_rate	32	static
../Core/Src/apds9250_light.c:139:6:apds9250_set_gain	32	static
../Core/Src/apds9250_light.c:147:9:apds9250_get_gain	32	static
../Core/Src/apds9250_light.c:158:6:apds9250_get_part_id	32	static
../Core/Src/apds9250_light.c:182:9:apds9250_get_main_status	32	static
../Core/Src/apds9250_light.c:195:6:apds9250_get_rgb	48	static
../Core/Src/apds9250_light.c:215:6:apds9250_get_ir	40	static
../Core/Src/apds9250_light.c:223:6:apds9250_get_green	40	static
../Core/Src/apds9250_light.c:231:6:apds9250_get_blue	40	static
../Core/Src/apds9250_light.c:239:6:apds9250_get_red	40	static
../Core/Src/apds9250_light.c:251:6:apds9250_set_int_cfg	32	static
../Core/Src/apds9250_light.c:263:9:apds9250_get_int_cfg	32	static
../Core/Src/apds9250_light.c:271:6:apds9250_set_int_sel	40	static
../Core/Src/apds9250_light.c:282:6:apds9250_set_var_mode	40	static
../Core/Src/apds9250_light.c:293:6:apds9250_set_int_en	40	static
../Core/Src/apds9250_light.c:307:6:apds9250_set_int_persistence	32	static
../Core/Src/apds9250_light.c:315:9:apds9250_get_int_persistence	32	static
../Core/Src/apds9250_light.c:327:6:apds9250_set_ls_thres_up	32	static
../Core/Src/apds9250_light.c:335:10:apds9250_get_ls_thres_up	32	static
../Core/Src/apds9250_light.c:347:6:apds9250_set_ls_thres_low	32	static
../Core/Src/apds9250_light.c:355:10:apds9250_get_ls_thres_low	32	static
../Core/Src/apds9250_light.c:369:6:apds9250_set_ls_thres_var	32	static
../Core/Src/apds9250_light.c:375:9:apds9250_get_ls_thres_var	32	static
